scripts/ingest-planner-catalog.ts(15,8): error TS2307: Cannot find module '@/features/planner/catalog/csvCatalogIngest' or its corresponding type declarations.
scripts/render-three-blocks.ts(7,39): error TS2307: Cannot find module '@/features/planner/data/workspaceCatalog' or its corresponding type declarations.
scripts/seed_configurator_catalog.ts(12,10): error TS2305: Module '"@/lib/catalog/seed/oandoCatalog"' has no exported member 'OANDO_CATALOG'.
scripts/seed_configurator_catalog.ts(13,15): error TS2305: Module '"@/lib/catalog/configuratorCatalog"' has no exported member 'ConfiguratorCatalog'.
scripts/seed_configurator_catalog.ts(52,20): error TS2304: Cannot find name 'buildOandoSeedProducts'.
