
> oando-platform@0.1.0 test
> vitest run


[1m[30m[46m RUN [49m[39m[22m [36mv4.1.9 [39m[90mE:/16062026[39m

 [31mΓ¥»[39m tests/integration/planner-canvas-fabric-FloorplanContext.test.tsx [2m([22m[2m27 tests[22m[2m | [22m[31m25 failed[39m[2m)[22m[32m 81[2mms[22m[39m
     [32mΓ£ô[39m throws when useFloorplan is used without a provider[32m 25[2mms[22m[39m
[31m     [31m├ù[31m exposes default state values[39m[32m 6[2mms[22m[39m
[31m     [31m├ù[31m registerCanvasApi pushes initial draw settings into the api and clears context menu on null[39m[32m 2[2mms[22m[39m
[31m     [31m├ù[31m performOperation dispatches each operation to the api[39m[32m 1[2mms[22m[39m
[31m     [31m├ù[31m performOperation is a no-op when no api is registered[39m[32m 1[2mms[22m[39m
[31m     [31m├ù[31m undo guards prevent calling api when only a single state remains[39m[32m 1[2mms[22m[39m
[31m     [31m├ù[31m redo guards prevent calling api when there are no redo states[39m[32m 1[2mms[22m[39m
[31m     [31m├ù[31m undo/redo call through to the api once multiple states exist[39m[32m 1[2mms[22m[39m
[31m     [31m├ù[31m pushState writes to room-edit stacks while in room edit mode[39m[32m 1[2mms[22m[39m
[31m     [31m├ù[31m pushState writes to the normal stacks when not in room edit[39m[32m 1[2mms[22m[39m
[31m     [31m├ù[31m zoomIn/zoomOut clamp within 20-150 and delegate to api.setZoom[39m[32m 1[2mms[22m[39m
[31m     [31m├ù[31m setZoom updates state and delegates to the api[39m[32m 1[2mms[22m[39m
[31m     [31m├ù[31m toggleGrid flips gridEnabled and schedules api.setGridVisible[39m[32m 3[2mms[22m[39m
[31m     [31m├ù[31m setGridEnabled updates state and schedules the api call[39m[32m 2[2mms[22m[39m
[31m     [31m├ù[31m setDrawTool/setDrawColor/setDrawFillColor update state and delegate to api[39m[32m 1[2mms[22m[39m
[31m     [31m├ù[31m insertObject, exportDraft, exportSvg, exportPngBlob delegate to the api[39m[32m 1[2mms[22m[39m
[31m     [31m├ù[31m importDraft resets selection/edit state and seeds states[39m[32m 4[2mms[22m[39m
[31m     [31m├ù[31m importDraft is a no-op without a registered api[39m[32m 1[2mms[22m[39m
[31m     [31m├ù[31m editRoom/endEditRoom toggle room edit and delegate to api[39m[32m 1[2mms[22m[39m
[31m     [31m├ù[31m refitCanvas asks the api for fit + recalc and updates zoom[39m[32m 1[2mms[22m[39m
[31m     [31m├ù[31m refitCanvas is a no-op without an api[39m[32m 1[2mms[22m[39m
[31m     [31m├ù[31m setLayerVisibility delegates to the api[39m[32m 2[2mms[22m[39m
[31m     [31m├ù[31m clone/copy/paste/deleteSelection delegate via performOperation[39m[32m 2[2mms[22m[39m
[31m     [31m├ù[31m rotate/group/ungroup/placeInCenter/arrange delegate via performOperation[39m[32m 1[2mms[22m[39m
[31m     [31m├ù[31m closeContextMenu clears the context menu[39m[32m 1[2mms[22m[39m
[31m     [31m├ù[31m clone copies and schedules a paste[39m[32m 1[2mms[22m[39m
     [32mΓ£ô[39m renders children via the provider[32m 14[2mms[22m[39m
 [31mΓ¥»[39m tests/integration/planner-editor-PlannerLeftPanel.test.tsx [2m([22m[2m2 tests[22m[2m | [22m[31m1 failed[39m[2m)[22m[32m 86[2mms[22m[39m
[31m     [31m├ù[31m switches tabs across the guided planner views[39m[32m 53[2mms[22m[39m
     [32mΓ£ô[39m uses controlled tab state when provided[32m 27[2mms[22m[39m
 [32mΓ£ô[39m tests/integration/shared-auth-lib-AuthProvider.test.tsx [2m([22m[2m8 tests[22m[2m)[22m[32m 167[2mms[22m[39m
node.exe : [90mstderr[2m | tests/integration/site-assistant-UnifiedAssistant.test.tsx[2m > 
[22m[2mUnifiedAssistant[2m > [22m[2mopens the AI chatbot from the desktop launcher and shows the welcome message
At line:1 char:1
+ & "C:\Program Files\nodejs/node.exe" "C:\Program Files\nodejs/node_mo ...
+ ~~~~~~~~~~~~~~~~~~~~~~~~~~~~~~~~~~~~~~~~~~~~~~~~~~~~~~~~~~~~~~~~~~~~~
    + CategoryInfo          : NotSpecified: ([90mstderr[2m...welcome message:String) [], RemoteException
    + FullyQualifiedErrorId : NativeCommandError
 
[22m[39mAn update to UnifiedAssistant inside a test was not wrapped in act(...).

When testing, code that causes React state updates should be wrapped into act(...):

act(() => {
  /* fire events that update state */
});
/* assert on the output */

This ensures that you're testing the behavior the user would see in the browser. Learn more at 
https://react.dev/link/wrap-tests-with-act

[90mstderr[2m | tests/integration/catalog-catalogTree.test.ts[2m > [22m[2mcatalog tree[2m > [22m[2mretries 
transient fetch failures before succeeding
[22m[39m[getCatalog] Products error (attempt 1/3): fetch failed: network timeout

[90mstderr[2m | tests/integration/planner-editor-BlueprintPanel.test.tsx[2m > [22m[2mBlueprintPanel[2m > 
[22m[2mshows import errors for PDF render, image load, and read failures
[22m[39mAn update to BlueprintPanel inside a test was not wrapped in act(...).

When testing, code that causes React state updates should be wrapped into act(...):

act(() => {
  /* fire events that update state */
});
/* assert on the output */

This ensures that you're testing the behavior the user would see in the browser. Learn more at 
https://react.dev/link/wrap-tests-with-act

[90mstderr[2m | tests/integration/planner-editor-BlueprintPanel.test.tsx[2m > [22m[2mBlueprintPanel[2m > 
[22m[2mshows import errors for PDF render, image load, and read failures
[22m[39mAn update to BlueprintPanel inside a test was not wrapped in act(...).

When testing, code that causes React state updates should be wrapped into act(...):

act(() => {
  /* fire events that update state */
});
/* assert on the output */

This ensures that you're testing the behavior the user would see in the browser. Learn more at 
https://react.dev/link/wrap-tests-with-act

 [32mΓ£ô[39m tests/integration/ops-CustomerQueriesOpsPageView.test.tsx [2m([22m[2m7 tests[22m[2m)[22m[33m 541[2mms[22m[39m
 [32mΓ£ô[39m tests/integration/planner-onboarding-ProjectSetupStep.test.tsx [2m([22m[2m2 tests[22m[2m)[22m[32m 259[2mms[22m[39m
 [32mΓ£ô[39m tests/unit/planner-store-plannerProjectStore-migration.test.ts [2m([22m[2m1 test[22m[2m)[22m[33m 915[2mms[22m[39m
     [33m[2mΓ£ô[22m[39m logs quota errors when migration persistence fails [33m 911[2mms[22m[39m
 [32mΓ£ô[39m tests/integration/shared-auth-components-LoginPage.test.tsx [2m([22m[2m8 tests[22m[2m)[22m[33m 393[2mms[22m[39m
 [32mΓ£ô[39m tests/integration/site-assistant-AdvancedBot.test.tsx [2m([22m[2m3 tests[22m[2m)[22m[33m 516[2mms[22m[39m
 [32mΓ£ô[39m tests/integration/catalog-catalogTree.test.ts [2m([22m[2m6 tests[22m[2m)[22m[33m 1199[2mms[22m[39m
     [33m[2mΓ£ô[22m[39m builds grouped categories with series from live Supabase data [33m 569[2mms[22m[39m
     [33m[2mΓ£ô[22m[39m retries transient fetch failures before succeeding [33m 524[2mms[22m[39m
 [32mΓ£ô[39m tests/integration/planner-editor-BlueprintPanel.test.tsx [2m([22m[2m9 tests[22m[2m)[22m[33m 658[2mms[22m[39m
     [33m[2mΓ£ô[22m[39m removes blueprint and edits loaded controls [33m 317[2mms[22m[39m
 [32mΓ£ô[39m tests/integration/site-assistant-UnifiedAssistant.test.tsx [2m([22m[2m9 tests[22m[2m)[22m[33m 1255[2mms[22m[39m
 [32mΓ£ô[39m tests/integration/planner-editor-ExportModal.test.tsx [2m([22m[2m2 tests[22m[2m)[22m[32m 215[2mms[22m[39m
 [32mΓ£ô[39m tests/integration/planner-editor-PlannerToolRail.test.tsx [2m([22m[2m4 tests[22m[2m)[22m[32m 223[2mms[22m[39m
 [32mΓ£ô[39m tests/integration/planner-hooks-usePlannerSession.test.tsx [2m([22m[2m14 tests[22m[2m)[22m[33m 1555[2mms[22m[39m
 [32mΓ£ô[39m tests/integration/shared-dashboard-DashboardClient.test.tsx [2m([22m[2m6 tests[22m[2m)[22m[33m 486[2mms[22m[39m
 [32mΓ£ô[39m tests/integration/planner-catalog-exports.test.ts [2m([22m[2m2 tests[22m[2m)[22m[33m 1709[2mms[22m[39m
     [33m[2mΓ£ô[22m[39m re-exports workspace catalog through compatibility surface [33m 1699[2mms[22m[39m
 [32mΓ£ô[39m tests/integration/planner-editor-TemplatePickerModal.test.tsx [2m([22m[2m4 tests[22m[2m)[22m[33m 346[2mms[22m[39m
 [32mΓ£ô[39m tests/integration/planner-onboarding-onboardingcoach.test.tsx [2m([22m[2m4 tests[22m[2m)[22m[32m 238[2mms[22m[39m
 [32mΓ£ô[39m tests/integration/shared-entry-ProductEntryPage.test.tsx [2m([22m[2m3 tests[22m[2m)[22m[32m 151[2mms[22m[39m
 [32mΓ£ô[39m tests/integration/shared-auth-components-SignupPage.test.tsx [2m([22m[2m8 tests[22m[2m)[22m[33m 383[2mms[22m[39m
 [32mΓ£ô[39m tests/integration/planner-canvas-fabric-RoomPresetsModal.test.tsx [2m([22m[2m8 tests[22m[2m)[22m[32m 282[2mms[22m[39m
 [32mΓ£ô[39m tests/integration/shared-shell-GlobalNavHeader.test.tsx [2m([22m[2m3 tests[22m[2m)[22m[32m 231[2mms[22m[39m
 [32mΓ£ô[39m tests/integration/planner-editor-PlannerTopBar.test.tsx [2m([22m[2m4 tests[22m[2m)[22m[33m 375[2mms[22m[39m
 [32mΓ£ô[39m tests/integration/planner-ui-InspectorPanel.test.tsx [2m([22m[2m1 test[22m[2m)[22m[32m 84[2mms[22m[39m
 [32mΓ£ô[39m tests/integration/planner-hooks-useAssetLoader.test.tsx [2m([22m[2m10 tests[22m[2m)[22m[32m 254[2mms[22m[39m
[90mstderr[2m | tests/unit/planner-lib-featureFlags.test.ts[2m > [22m[2mplanner feature flags[2m > 
[22m[2mhandles failed remote fetch and patch operations
[22m[39mFailed to fetch feature flags from Supabase: Forbidden

[90mstderr[2m | tests/unit/planner-lib-featureFlags.test.ts[2m > [22m[2mplanner feature flags[2m > 
[22m[2mhandles localStorage write failures and network errors in patch helpers
[22m[39mFailed to save feature flags to localStorage: Error: blocked
    at Proxy.<anonymous> (E:/16062026/tests/unit/planner-lib-featureFlags.test.ts:128:13)
    at Proxy.setItem [90m(file:///E:/16062026/[39mnode_modules/[4m@vitest/spy[24m/dist/index.js:332:34[90m)[39m
    at setFeatureFlags (E:/16062026/features/planner/lib/featureFlags.ts:231:20)
    at E:/16062026/tests/unit/planner-lib-featureFlags.test.ts:130:18
    at Proxy.assertThrows [90m(file:///E:/16062026/[39mnode_modules/[4mchai[24m/index.js:2798:5[90m)[39m
    at Proxy.methodWrapper [90m(file:///E:/16062026/[39mnode_modules/[4mchai[24m/index.js:1700:25[90m)[39m
    at Proxy.<anonymous> 
[90m(file:///E:/16062026/[39mnode_modules/[4m@vitest/expect[24m/dist/index.js:1216:12[90m)[39m
    at Proxy.overwritingMethodWrapper 
[90m(file:///E:/16062026/[39mnode_modules/[4mchai[24m/index.js:1750:33[90m)[39m
    at Proxy.<anonymous> 
[90m(file:///E:/16062026/[39mnode_modules/[4m@vitest/expect[24m/dist/index.js:1552:16[90m)[39m
    at Proxy.<anonymous> 
[90m(file:///E:/16062026/[39mnode_modules/[4m@vitest/expect[24m/dist/index.js:1156:15[90m)[39m

[90mstderr[2m | tests/unit/planner-lib-featureFlags.test.ts[2m > [22m[2mplanner feature flags[2m > 
[22m[2mhandles localStorage write failures and network errors in patch helpers
[22m[39mError updating feature flag in Supabase: Error: offline
    at E:/16062026/tests/unit/planner-lib-featureFlags.test.ts:133:53
    at [90mfile:///E:/16062026/[39mnode_modules/[4m@vitest/runner[24m/dist/chunk-artifact.js:302:11
    at [90mfile:///E:/16062026/[39mnode_modules/[4m@vitest/runner[24m/dist/chunk-artifact.js:1903:26
    at [90mfile:///E:/16062026/[39mnode_modules/[4m@vitest/runner[24m/dist/chunk-artifact.js:2326:20
    at new Promise (<anonymous>)
    at runWithCancel 
[90m(file:///E:/16062026/[39mnode_modules/[4m@vitest/runner[24m/dist/chunk-artifact.js:2323:10[90m)[39m
    at [90mfile:///E:/16062026/[39mnode_modules/[4m@vitest/runner[24m/dist/chunk-artifact.js:2305:20
    at new Promise (<anonymous>)
    at runWithTimeout 
[90m(file:///E:/16062026/[39mnode_modules/[4m@vitest/runner[24m/dist/chunk-artifact.js:2272:10[90m)[39m
    at [90mfile:///E:/16062026/[39mnode_modules/[4m@vitest/runner[24m/dist/chunk-artifact.js:2955:64

[90mstderr[2m | tests/unit/planner-lib-featureFlags.test.ts[2m > [22m[2mplanner feature flags[2m > 
[22m[2mhandles localStorage write failures and network errors in patch helpers
[22m[39mError updating multiple feature flags in Supabase: Error: offline
    at E:/16062026/tests/unit/planner-lib-featureFlags.test.ts:133:53
    at [90mfile:///E:/16062026/[39mnode_modules/[4m@vitest/runner[24m/dist/chunk-artifact.js:302:11
    at [90mfile:///E:/16062026/[39mnode_modules/[4m@vitest/runner[24m/dist/chunk-artifact.js:1903:26
    at [90mfile:///E:/16062026/[39mnode_modules/[4m@vitest/runner[24m/dist/chunk-artifact.js:2326:20
    at new Promise (<anonymous>)
    at runWithCancel 
[90m(file:///E:/16062026/[39mnode_modules/[4m@vitest/runner[24m/dist/chunk-artifact.js:2323:10[90m)[39m
    at [90mfile:///E:/16062026/[39mnode_modules/[4m@vitest/runner[24m/dist/chunk-artifact.js:2305:20
    at new Promise (<anonymous>)
    at runWithTimeout 
[90m(file:///E:/16062026/[39mnode_modules/[4m@vitest/runner[24m/dist/chunk-artifact.js:2272:10[90m)[39m
    at [90mfile:///E:/16062026/[39mnode_modules/[4m@vitest/runner[24m/dist/chunk-artifact.js:2955:64

 [32mΓ£ô[39m tests/unit/planner-lib-featureFlags.test.ts [2m([22m[2m10 tests[22m[2m)[22m[32m 116[2mms[22m[39m
DOMException [AbortError]: The operation was aborted.
    at Fetch.onAsyncTaskManagerAbort (file:///E:/16062026/node_modules/happy-dom/lib/fetch/Fetch.js:546:23)
    at Object.<anonymous> (file:///E:/16062026/node_modules/happy-dom/lib/fetch/Fetch.js:416:101)
    at AsyncTaskManager.abortAll 
(file:///E:/16062026/node_modules/happy-dom/lib/async-task-manager/AsyncTaskManager.js:292:30)
    at AsyncTaskManager.abort 
(file:///E:/16062026/node_modules/happy-dom/lib/async-task-manager/AsyncTaskManager.js:52:21)
    at DetachedBrowserFrame.abort 
(file:///E:/16062026/node_modules/happy-dom/lib/browser/detached-browser/DetachedBrowserFrame.js:112:58)
    at DetachedWindowAPI.abort (file:///E:/16062026/node_modules/happy-dom/lib/window/DetachedWindowAPI.js:51:35)
    at teardownWindow (file:///E:/16062026/node_modules/vitest/dist/chunks/index.DC7d2Pf8.js:331:22)
    at Object.teardown (file:///E:/16062026/node_modules/vitest/dist/chunks/index.DC7d2Pf8.js:392:10)
    at file:///E:/16062026/node_modules/vitest/dist/chunks/base.BE3cXZj3.js:168:65
    at Traces.$ (file:///E:/16062026/node_modules/vitest/dist/chunks/traces.DT5aQ62U.js:142:27)
DOMException [AbortError]: The operation was aborted.
    at Fetch.onAsyncTaskManagerAbort (file:///E:/16062026/node_modules/happy-dom/lib/fetch/Fetch.js:546:23)
    at Object.<anonymous> (file:///E:/16062026/node_modules/happy-dom/lib/fetch/Fetch.js:416:101)
    at AsyncTaskManager.abortAll 
(file:///E:/16062026/node_modules/happy-dom/lib/async-task-manager/AsyncTaskManager.js:292:30)
    at AsyncTaskManager.abort 
(file:///E:/16062026/node_modules/happy-dom/lib/async-task-manager/AsyncTaskManager.js:52:21)
    at DetachedBrowserFrame.abort 
(file:///E:/16062026/node_modules/happy-dom/lib/browser/detached-browser/DetachedBrowserFrame.js:112:58)
    at DetachedWindowAPI.abort (file:///E:/16062026/node_modules/happy-dom/lib/window/DetachedWindowAPI.js:51:35)
    at teardownWindow (file:///E:/16062026/node_modules/vitest/dist/chunks/index.DC7d2Pf8.js:331:22)
    at Object.teardown (file:///E:/16062026/node_modules/vitest/dist/chunks/index.DC7d2Pf8.js:392:10)
    at file:///E:/16062026/node_modules/vitest/dist/chunks/base.BE3cXZj3.js:168:65
    at Traces.$ (file:///E:/16062026/node_modules/vitest/dist/chunks/traces.DT5aQ62U.js:142:27)
DOMException [AbortError]: The operation was aborted.
    at Fetch.onAsyncTaskManagerAbort (file:///E:/16062026/node_modules/happy-dom/lib/fetch/Fetch.js:546:23)
    at Object.<anonymous> (file:///E:/16062026/node_modules/happy-dom/lib/fetch/Fetch.js:416:101)
    at AsyncTaskManager.abortAll 
(file:///E:/16062026/node_modules/happy-dom/lib/async-task-manager/AsyncTaskManager.js:292:30)
    at AsyncTaskManager.abort 
(file:///E:/16062026/node_modules/happy-dom/lib/async-task-manager/AsyncTaskManager.js:52:21)
    at DetachedBrowserFrame.abort 
(file:///E:/16062026/node_modules/happy-dom/lib/browser/detached-browser/DetachedBrowserFrame.js:112:58)
    at DetachedWindowAPI.abort (file:///E:/16062026/node_modules/happy-dom/lib/window/DetachedWindowAPI.js:51:35)
    at teardownWindow (file:///E:/16062026/node_modules/vitest/dist/chunks/index.DC7d2Pf8.js:331:22)
    at Object.teardown (file:///E:/16062026/node_modules/vitest/dist/chunks/index.DC7d2Pf8.js:392:10)
    at file:///E:/16062026/node_modules/vitest/dist/chunks/base.BE3cXZj3.js:168:65
    at Traces.$ (file:///E:/16062026/node_modules/vitest/dist/chunks/traces.DT5aQ62U.js:142:27)
DOMException [AbortError]: The operation was aborted.
    at Fetch.onAsyncTaskManagerAbort (file:///E:/16062026/node_modules/happy-dom/lib/fetch/Fetch.js:546:23)
    at Object.<anonymous> (file:///E:/16062026/node_modules/happy-dom/lib/fetch/Fetch.js:416:101)
    at AsyncTaskManager.abortAll 
(file:///E:/16062026/node_modules/happy-dom/lib/async-task-manager/AsyncTaskManager.js:292:30)
    at AsyncTaskManager.abort 
(file:///E:/16062026/node_modules/happy-dom/lib/async-task-manager/AsyncTaskManager.js:52:21)
    at DetachedBrowserFrame.abort 
(file:///E:/16062026/node_modules/happy-dom/lib/browser/detached-browser/DetachedBrowserFrame.js:112:58)
    at DetachedWindowAPI.abort (file:///E:/16062026/node_modules/happy-dom/lib/window/DetachedWindowAPI.js:51:35)
    at teardownWindow (file:///E:/16062026/node_modules/vitest/dist/chunks/index.DC7d2Pf8.js:331:22)
    at Object.teardown (file:///E:/16062026/node_modules/vitest/dist/chunks/index.DC7d2Pf8.js:392:10)
    at file:///E:/16062026/node_modules/vitest/dist/chunks/base.BE3cXZj3.js:168:65
    at Traces.$ (file:///E:/16062026/node_modules/vitest/dist/chunks/traces.DT5aQ62U.js:142:27)
DOMException [AbortError]: The operation was aborted.
    at Fetch.onAsyncTaskManagerAbort (file:///E:/16062026/node_modules/happy-dom/lib/fetch/Fetch.js:546:23)
    at Object.<anonymous> (file:///E:/16062026/node_modules/happy-dom/lib/fetch/Fetch.js:416:101)
    at AsyncTaskManager.abortAll 
(file:///E:/16062026/node_modules/happy-dom/lib/async-task-manager/AsyncTaskManager.js:292:30)
    at AsyncTaskManager.abort 
(file:///E:/16062026/node_modules/happy-dom/lib/async-task-manager/AsyncTaskManager.js:52:21)
    at DetachedBrowserFrame.abort 
(file:///E:/16062026/node_modules/happy-dom/lib/browser/detached-browser/DetachedBrowserFrame.js:112:58)
    at DetachedWindowAPI.abort (file:///E:/16062026/node_modules/happy-dom/lib/window/DetachedWindowAPI.js:51:35)
    at teardownWindow (file:///E:/16062026/node_modules/vitest/dist/chunks/index.DC7d2Pf8.js:331:22)
    at Object.teardown (file:///E:/16062026/node_modules/vitest/dist/chunks/index.DC7d2Pf8.js:392:10)
    at file:///E:/16062026/node_modules/vitest/dist/chunks/base.BE3cXZj3.js:168:65
    at Traces.$ (file:///E:/16062026/node_modules/vitest/dist/chunks/traces.DT5aQ62U.js:142:27)
DOMException [AbortError]: The operation was aborted.
    at Fetch.onAsyncTaskManagerAbort (file:///E:/16062026/node_modules/happy-dom/lib/fetch/Fetch.js:546:23)
    at Object.<anonymous> (file:///E:/16062026/node_modules/happy-dom/lib/fetch/Fetch.js:416:101)
    at AsyncTaskManager.abortAll 
(file:///E:/16062026/node_modules/happy-dom/lib/async-task-manager/AsyncTaskManager.js:292:30)
    at AsyncTaskManager.abort 
(file:///E:/16062026/node_modules/happy-dom/lib/async-task-manager/AsyncTaskManager.js:52:21)
    at DetachedBrowserFrame.abort 
(file:///E:/16062026/node_modules/happy-dom/lib/browser/detached-browser/DetachedBrowserFrame.js:112:58)
    at DetachedWindowAPI.abort (file:///E:/16062026/node_modules/happy-dom/lib/window/DetachedWindowAPI.js:51:35)
    at teardownWindow (file:///E:/16062026/node_modules/vitest/dist/chunks/index.DC7d2Pf8.js:331:22)
    at Object.teardown (file:///E:/16062026/node_modules/vitest/dist/chunks/index.DC7d2Pf8.js:392:10)
    at file:///E:/16062026/node_modules/vitest/dist/chunks/base.BE3cXZj3.js:168:65
    at Traces.$ (file:///E:/16062026/node_modules/vitest/dist/chunks/traces.DT5aQ62U.js:142:27)
[90mstderr[2m | fetchFeatureFlagsFromSupabase (E:\16062026\features\planner\lib\featureFlags.ts:316:13)
[22m[39mError fetching feature flags from Supabase: DOMException [NetworkError]: Failed to execute "fetch()" on 
"Window" with URL "http://localhost:3000/api/admin/features/": The operation was aborted.
    at Fetch.onError 
[90m(file:///E:/16062026/[39mnode_modules/[4mhappy-dom[24m/lib/fetch/Fetch.js:540:21[90m)[39m
[90m    at ClientRequest.emit (node:events:509:28)[39m
[90m    at emitErrorEvent (node:_http_client:109:11)[39m
[90m    at Socket.socketErrorListener (node:_http_client:593:5)[39m
[90m    at Socket.emit (node:events:509:28)[39m
[90m    at emitErrorNT (node:internal/streams/destroy:170:8)[39m
[90m    at emitErrorCloseNT (node:internal/streams/destroy:129:3)[39m
[90m    at processTicksAndRejections (node:internal/process/task_queues:90:21)[39m
Error fetching feature flags from Supabase: DOMException [NetworkError]: Failed to execute "fetch()" on "Window" with 
URL "http://localhost:3000/api/admin/features/": The operation was aborted.
    at Fetch.onError 
[90m(file:///E:/16062026/[39mnode_modules/[4mhappy-dom[24m/lib/fetch/Fetch.js:540:21[90m)[39m
[90m    at ClientRequest.emit (node:events:509:28)[39m
[90m    at emitErrorEvent (node:_http_client:109:11)[39m
[90m    at Socket.socketErrorListener (node:_http_client:593:5)[39m
[90m    at Socket.emit (node:events:509:28)[39m
[90m    at emitErrorNT (node:internal/streams/destroy:170:8)[39m
[90m    at emitErrorCloseNT (node:internal/streams/destroy:129:3)[39m
[90m    at processTicksAndRejections (node:internal/process/task_queues:90:21)[39m
Error fetching feature flags from Supabase: DOMException [NetworkError]: Failed to execute "fetch()" on "Window" with 
URL "http://localhost:3000/api/admin/features/": The operation was aborted.
    at Fetch.onError 
[90m(file:///E:/16062026/[39mnode_modules/[4mhappy-dom[24m/lib/fetch/Fetch.js:540:21[90m)[39m
[90m    at ClientRequest.emit (node:events:509:28)[39m
[90m    at emitErrorEvent (node:_http_client:109:11)[39m
[90m    at Socket.socketErrorListener (node:_http_client:593:5)[39m
[90m    at Socket.emit (node:events:509:28)[39m
[90m    at emitErrorNT (node:internal/streams/destroy:170:8)[39m
[90m    at emitErrorCloseNT (node:internal/streams/destroy:129:3)[39m
[90m    at processTicksAndRejections (node:internal/process/task_queues:90:21)[39m
Error fetching feature flags from Supabase: DOMException [NetworkError]: Failed to execute "fetch()" on "Window" with 
URL "http://localhost:3000/api/admin/features/": The operation was aborted.
    at Fetch.onError 
[90m(file:///E:/16062026/[39mnode_modules/[4mhappy-dom[24m/lib/fetch/Fetch.js:540:21[90m)[39m
[90m    at ClientRequest.emit (node:events:509:28)[39m
[90m    at emitErrorEvent (node:_http_client:109:11)[39m
[90m    at Socket.socketErrorListener (node:_http_client:593:5)[39m
[90m    at Socket.emit (node:events:509:28)[39m
[90m    at emitErrorNT (node:internal/streams/destroy:170:8)[39m
[90m    at emitErrorCloseNT (node:internal/streams/destroy:129:3)[39m
[90m    at processTicksAndRejections (node:internal/process/task_queues:90:21)[39m
Error fetching feature flags from Supabase: DOMException [NetworkError]: Failed to execute "fetch()" on "Window" with 
URL "http://localhost:3000/api/admin/features/": The operation was aborted.
    at Fetch.onError 
[90m(file:///E:/16062026/[39mnode_modules/[4mhappy-dom[24m/lib/fetch/Fetch.js:540:21[90m)[39m
[90m    at ClientRequest.emit (node:events:509:28)[39m
[90m    at emitErrorEvent (node:_http_client:109:11)[39m
[90m    at Socket.socketErrorListener (node:_http_client:593:5)[39m
[90m    at Socket.emit (node:events:509:28)[39m
[90m    at emitErrorNT (node:internal/streams/destroy:170:8)[39m
[90m    at emitErrorCloseNT (node:internal/streams/destroy:129:3)[39m
[90m    at processTicksAndRejections (node:internal/process/task_queues:90:21)[39m
Error fetching feature flags from Supabase: DOMException [NetworkError]: Failed to execute "fetch()" on "Window" with 
URL "http://localhost:3000/api/admin/features/": The operation was aborted.
    at Fetch.onError 
[90m(file:///E:/16062026/[39mnode_modules/[4mhappy-dom[24m/lib/fetch/Fetch.js:540:21[90m)[39m
[90m    at ClientRequest.emit (node:events:509:28)[39m
[90m    at emitErrorEvent (node:_http_client:109:11)[39m
[90m    at Socket.socketErrorListener (node:_http_client:593:5)[39m
[90m    at Socket.emit (node:events:509:28)[39m
[90m    at emitErrorNT (node:internal/streams/destroy:170:8)[39m
[90m    at emitErrorCloseNT (node:internal/streams/destroy:129:3)[39m
[90m    at processTicksAndRejections (node:internal/process/task_queues:90:21)[39m

 [32mΓ£ô[39m tests/unit/shared-index-exports.test.ts [2m([22m[2m5 tests[22m[2m)[22m[32m 177[2mms[22m[39m
 [32mΓ£ô[39m tests/integration/shared-auth-components-ResendVerificationButton.test.tsx [2m([22m[2m2 tests[22m[2m)[22m[32m 131[2mms[22m[39m
 [32mΓ£ô[39m tests/integration/planner-editor-PlannerErrorBoundary.test.tsx [2m([22m[2m6 tests[22m[2m)[22m[32m 120[2mms[22m[39m
 [32mΓ£ô[39m tests/integration/planner-editor-OnboardingTooltips.test.tsx [2m([22m[2m2 tests[22m[2m)[22m[32m 127[2mms[22m[39m
 [32mΓ£ô[39m tests/integration/planner-canvas-fabric-FloorplanCanvas.test.tsx [2m([22m[2m5 tests[22m[2m)[22m[32m 89[2mms[22m[39m
[90mstderr[2m | tests/integration/site-assistant-DynamicBotWrapper.test.tsx[2m > [22m[2mDynamicBotWrapper[2m > 
[22m[2mloads assistant content when the chatbot is opened
[22m[39mAn update to UnifiedAssistant inside a test was not wrapped in act(...).

When testing, code that causes React state updates should be wrapped into act(...):

act(() => {
  /* fire events that update state */
});
/* assert on the output */

This ensures that you're testing the behavior the user would see in the browser. Learn more at 
https://react.dev/link/wrap-tests-with-act

 [32mΓ£ô[39m tests/integration/site-assistant-DynamicBotWrapper.test.tsx [2m([22m[2m2 tests[22m[2m)[22m[32m 97[2mms[22m[39m
 [32mΓ£ô[39m tests/integration/planner-shared-plannerShared.test.tsx [2m([22m[2m5 tests[22m[2m)[22m[32m 183[2mms[22m[39m
 [32mΓ£ô[39m tests/integration/shared-entry-SuiteLoginPage.test.tsx [2m([22m[2m2 tests[22m[2m)[22m[32m 121[2mms[22m[39m
[90mstderr[2m | tests/integration/planner-editor-LayerVisibilityPanel.test.tsx[2m > 
[22m[2mLayerVisibilityPanel[2m > [22m[2mrenders layer rows and toggles visibility
[22m[39mAn update to LayerVisibilityPanel inside a test was not wrapped in act(...).

When testing, code that causes React state updates should be wrapped into act(...):

act(() => {
  /* fire events that update state */
});
/* assert on the output */

This ensures that you're testing the behavior the user would see in the browser. Learn more at 
https://react.dev/link/wrap-tests-with-act

 [32mΓ£ô[39m tests/integration/planner-editor-LayerVisibilityPanel.test.tsx [2m([22m[2m1 test[22m[2m)[22m[32m 130[2mms[22m[39m
 [32mΓ£ô[39m tests/integration/shared-auth-components-AuthControls.test.tsx [2m([22m[2m2 tests[22m[2m)[22m[32m 104[2mms[22m[39m
 [32mΓ£ô[39m tests/integration/planner-catalog-components.test.tsx [2m([22m[2m9 tests[22m[2m)[22m[33m 5698[2mms[22m[39m
     [33m[2mΓ£ô[22m[39m renders catalog panel search, tabs, and item actions [33m 2888[2mms[22m[39m
     [33m[2mΓ£ô[22m[39m starts catalog drag with serialized payload [33m 1171[2mms[22m[39m
     [33m[2mΓ£ô[22m[39m renders embedded catalog panel without standalone title [33m 1229[2mms[22m[39m
[90mstderr[2m | tests/integration/planner-3d-Viewer.test.tsx
[22m[39mTHREE.WARNING: Multiple instances of Three.js being imported.

 [32mΓ£ô[39m tests/integration/plannerAutosaveIdentity.test.tsx [2m([22m[2m7 tests[22m[2m)[22m[32m 75[2mms[22m[39m
 [32mΓ£ô[39m tests/integration/shared-components-RestrictedActionButton.test.tsx [2m([22m[2m1 test[22m[2m)[22m[32m 116[2mms[22m[39m
 [32mΓ£ô[39m tests/integration/planner-editor-BlueprintTraceGuideOverlay.test.tsx [2m([22m[2m2 tests[22m[2m)[22m[32m 123[2mms[22m[39m
 [32mΓ£ô[39m tests/unit/planner-lib-fabricDocumentBridge.test.ts [2m([22m[2m2 tests[22m[2m)[22m[32m 36[2mms[22m[39m
 [32mΓ£ô[39m tests/integration/planner-editor-PlannerStepBar.test.tsx [2m([22m[2m3 tests[22m[2m)[22m[32m 169[2mms[22m[39m
 [32mΓ£ô[39m tests/integration/planner-editor-PlannerMobileDock.test.tsx [2m([22m[2m1 test[22m[2m)[22m[32m 85[2mms[22m[39m
[90mstderr[2m | tests/integration/planner-editor-PropertiesInspector.test.tsx[2m > [22m[2mPropertiesInspector[2m 
> [22m[2mrenders Fabric selection dimensions
[22m[39mAn update to PropertiesInspector inside a test was not wrapped in act(...).

When testing, code that causes React state updates should be wrapped into act(...):

act(() => {
  /* fire events that update state */
});
/* assert on the output */

This ensures that you're testing the behavior the user would see in the browser. Learn more at 
https://react.dev/link/wrap-tests-with-act

 [32mΓ£ô[39m tests/integration/planner-editor-PropertiesInspector.test.tsx [2m([22m[2m2 tests[22m[2m)[22m[32m 181[2mms[22m[39m
 [32mΓ£ô[39m tests/integration/shared-auth-components-AuthShell.test.tsx [2m([22m[2m3 tests[22m[2m)[22m[32m 133[2mms[22m[39m
 [32mΓ£ô[39m tests/integration/planner-3d-Viewer.test.tsx [2m([22m[2m2 tests[22m[2m)[22m[32m 132[2mms[22m[39m
 [32mΓ£ô[39m tests/integration/shared-auth-components-SuspendedPage.test.tsx [2m([22m[2m1 test[22m[2m)[22m[32m 76[2mms[22m[39m
[90mstderr[2m | tests/unit/planner-model-plannerDocument.extra.test.ts[2m > [22m[2mplannerDocument - additional 
coverage[2m > [22m[2mparsePlannerDocumentImport[2m > [22m[2mfails for invalid input
[22m[39m[planner:document] validation failed {
  context: [32m'parsePlannerDocumentImport'[39m,
  issueCount: [33m2[39m,
  issues: [
    {
      path: [32m'schemaVersion'[39m,
      code: [32m'invalid_value'[39m,
      message: [32m'Invalid input: expected 1'[39m,
      received: [90mundefined[39m,
      sample: [36m[Object][39m
    },
    {
      path: [32m'name'[39m,
      code: [32m'invalid_type'[39m,
      message: [32m'Invalid input: expected string, received undefined'[39m,
      received: [90mundefined[39m,
      sample: [90mundefined[39m
    }
  ],
  summary: {
    id: [90mundefined[39m,
    name: [90mundefined[39m,
    title: [90mundefined[39m,
    hasProjectName: [33mfalse[39m,
    hasClientName: [33mfalse[39m,
    hasPreparedBy: [33mfalse[39m,
    roomWidthMm: [90mundefined[39m,
    roomDepthMm: [90mundefined[39m,
    seatTarget: [90mundefined[39m,
    unitSystem: [90mundefined[39m,
    itemCount: [90mundefined[39m,
    status: [90mundefined[39m,
    schemaVersion: [33m99[39m,
    sceneJson: { kind: [32m'undefined'[39m }
  },
  envelopeIssueCount: [33m3[39m,
  saveRowIssueCount: [33m3[39m,
  documentIssueCount: [33m2[39m,
  errorPreview: [
    [32m'type: Invalid input: expected "planner-document"'[39m,
    [32m'schemaVersion: Invalid input: expected 1'[39m,
    [32m'document: Invalid input: expected object, received undefined'[39m,
    [32m'id: Invalid input: expected string, received undefined'[39m,
    [32m'created_at: Invalid input: expected string, received undefined'[39m,
    [32m'updated_at: Invalid input: expected string, received undefined'[39m
  ]
}

[90mstderr[2m | tests/unit/planner-model-plannerDocument.extra.test.ts[2m > [22m[2mplannerDocument - additional 
coverage[2m > [22m[2mnormalizePlannerDocument edge cases[2m > [22m[2mcoerces unknown status to draft
[22m[39m[planner:document] validation failed {
  context: [32m'normalizePlannerDocument(loose-fallback)'[39m,
  issueCount: [33m1[39m,
  issues: [
    {
      path: [32m'status'[39m,
      code: [32m'invalid_value'[39m,
      message: [32m'Invalid option: expected one of "draft"|"active"|"archived"'[39m,
      received: [90mundefined[39m,
      sample: [36m[Object][39m
    }
  ],
  summary: {
    id: [90mundefined[39m,
    name: { kind: [32m'string'[39m, length: [33m4[39m, redacted: [33mtrue[39m },
    title: { kind: [32m'string'[39m, length: [33m4[39m, redacted: [33mtrue[39m },
    hasProjectName: [33mfalse[39m,
    hasClientName: [33mfalse[39m,
    hasPreparedBy: [33mfalse[39m,
    roomWidthMm: [90mundefined[39m,
    roomDepthMm: [90mundefined[39m,
    seatTarget: [90mundefined[39m,
    unitSystem: [90mundefined[39m,
    itemCount: [90mundefined[39m,
    status: [32m'unknown-status'[39m,
    schemaVersion: [90mundefined[39m,
    sceneJson: { kind: [32m'object'[39m, keyCount: [33m0[39m, keys: [], redacted: [33mtrue[39m }
  },
  envelopeIssueCount: [33m2[39m,
  saveRowIssueCount: [33m3[39m
}

 [32mΓ£ô[39m tests/unit/planner-model-plannerDocument.extra.test.ts [2m([22m[2m18 tests[22m[2m)[22m[32m 83[2mms[22m[39m
 [32mΓ£ô[39m tests/integration/planner-editor-PlannerHistoryControls.test.tsx [2m([22m[2m1 test[22m[2m)[22m[32m 92[2mms[22m[39m
 [32mΓ£ô[39m tests/unit/planner-svg-qa.test.ts [2m([22m[2m2 tests[22m[2m)[22m[32m 83[2mms[22m[39m
 [32mΓ£ô[39m tests/unit/planner-lib-versioning.test.ts [2m([22m[2m9 tests[22m[2m)[22m[32m 51[2mms[22m[39m
 [32mΓ£ô[39m tests/unit/planner-store-catalogData.test.ts [2m([22m[2m19 tests[22m[2m)[22m[32m 87[2mms[22m[39m
 [32mΓ£ô[39m tests/unit/catalog-fallback-branches.test.ts [2m([22m[2m2 tests[22m[2m)[22m[32m 76[2mms[22m[39m
[90mstderr[2m | tests/unit/planner-store-plannerDraft.test.ts[2m > [22m[2mplanner draft cache[2m > 
[22m[2mreports invalid when draft document validation fails
[22m[39m[planner:document] validation failed {
  context: [32m'finalizePlannerDocument(input)'[39m,
  errorType: [32m'Error'[39m,
  errorMessage: [32m'invalid draft'[39m,
  summary: {
    id: [32m'550e8400-e29b-41d4-a716-446655440000'[39m,
    name: { kind: [32m'string'[39m, length: [33m16[39m, redacted: [33mtrue[39m },
    title: { kind: [32m'string'[39m, length: [33m16[39m, redacted: [33mtrue[39m },
    hasProjectName: [33mfalse[39m,
    hasClientName: [33mfalse[39m,
    hasPreparedBy: [33mfalse[39m,
    roomWidthMm: [33m6000[39m,
    roomDepthMm: [33m8000[39m,
    seatTarget: [33m10[39m,
    unitSystem: [32m'metric'[39m,
    itemCount: [33m0[39m,
    status: [32m'draft'[39m,
    schemaVersion: [33m1[39m,
    sceneJson: { kind: [32m'object'[39m, keyCount: [33m1[39m, keys: [36m[Array][39m, redacted: [33mtrue[39m }
  },
  usedFallback: [33mtrue[39m
}
[planner:document] validation failed {
  context: [32m'finalizePlannerDocument(output)'[39m,
  errorType: [32m'Error'[39m,
  errorMessage: [32m'invalid draft'[39m,
  summary: {
    id: [32m'550e8400-e29b-41d4-a716-446655440000'[39m,
    name: { kind: [32m'string'[39m, length: [33m16[39m, redacted: [33mtrue[39m },
    title: { kind: [32m'string'[39m, length: [33m16[39m, redacted: [33mtrue[39m },
    hasProjectName: [33mfalse[39m,
    hasClientName: [33mfalse[39m,
    hasPreparedBy: [33mfalse[39m,
    roomWidthMm: [33m6000[39m,
    roomDepthMm: [33m8000[39m,
    seatTarget: [33m10[39m,
    unitSystem: [32m'metric'[39m,
    itemCount: [33m0[39m,
    status: [32m'draft'[39m,
    schemaVersion: [33m1[39m,
    sceneJson: { kind: [32m'object'[39m, keyCount: [33m1[39m, keys: [36m[Array][39m, redacted: [33mtrue[39m }
  },
  usedFallback: [33mtrue[39m
}

 [32mΓ£ô[39m tests/unit/planner-store-plannerDraft.test.ts [2m([22m[2m16 tests[22m[2m)[22m[32m 43[2mms[22m[39m
 [32mΓ£ô[39m tests/unit/planner-catalog-catalogStore-init.test.ts [2m([22m[2m2 tests[22m[2m)[22m[32m 103[2mms[22m[39m
 [32mΓ£ô[39m tests/integration/catalog-productStaticParams.test.ts [2m([22m[2m6 tests[22m[2m)[22m[32m 76[2mms[22m[39m
 [32mΓ£ô[39m tests/integration/planner-editor-PlannerWorkflowPanel.test.tsx [2m([22m[2m2 tests[22m[2m)[22m[32m 103[2mms[22m[39m
 [32mΓ£ô[39m tests/integration/planner-store-syncQueueProcessor.test.ts [2m([22m[2m9 tests[22m[2m)[22m[32m 86[2mms[22m[39m
 [32mΓ£ô[39m tests/integration/catalog-sources.test.ts [2m([22m[2m11 tests[22m[2m)[22m[32m 81[2mms[22m[39m
 [32mΓ£ô[39m tests/unit/planner-lib-measurements.test.ts [2m([22m[2m8 tests[22m[2m)[22m[32m 55[2mms[22m[39m
[90mstderr[2m | tests/integration/planner-editor-LayerManagerPanel.test.tsx[2m > [22m[2mLayerManagerPanel[2m > 
[22m[2mrenders Fabric object rows from runtime state
[22m[39mAn update to LayerManagerPanel inside a test was not wrapped in act(...).

When testing, code that causes React state updates should be wrapped into act(...):

act(() => {
  /* fire events that update state */
});
/* assert on the output */

This ensures that you're testing the behavior the user would see in the browser. Learn more at 
https://react.dev/link/wrap-tests-with-act

[90mstderr[2m | tests/integration/planner-editor-LayerManagerPanel.test.tsx[2m > [22m[2mLayerManagerPanel[2m > 
[22m[2mshows an empty state when no canvas objects exist
[22m[39mAn update to LayerManagerPanel inside a test was not wrapped in act(...).

When testing, code that causes React state updates should be wrapped into act(...):

act(() => {
  /* fire events that update state */
});
/* assert on the output */

This ensures that you're testing the behavior the user would see in the browser. Learn more at 
https://react.dev/link/wrap-tests-with-act

 [32mΓ£ô[39m tests/integration/planner-editor-LayerManagerPanel.test.tsx [2m([22m[2m2 tests[22m[2m)[22m[32m 82[2mms[22m[39m
 [32mΓ£ô[39m tests/unit/planner-persistence-plannerDraft.test.ts [2m([22m[2m4 tests[22m[2m)[22m[32m 54[2mms[22m[39m
 [32mΓ£ô[39m tests/unit/catalog-blocks2d.test.ts [2m([22m[2m10 tests[22m[2m)[22m[32m 42[2mms[22m[39m
 [32mΓ£ô[39m tests/integration/planner-store-utils.test.ts [2m([22m[2m29 tests[22m[2m)[22m[32m 61[2mms[22m[39m
 [32mΓ£ô[39m tests/integration/planner-hooks-usePlannerUiState.test.tsx [2m([22m[2m4 tests[22m[2m)[22m[32m 65[2mms[22m[39m
 [32mΓ£ô[39m tests/unit/planner-lib-sessionState.test.ts [2m([22m[2m5 tests[22m[2m)[22m[32m 56[2mms[22m[39m
 [32mΓ£ô[39m tests/integration/planner-ui-PlannerWorkspaceRoute.test.tsx [2m([22m[2m2 tests[22m[2m)[22m[32m 67[2mms[22m[39m
 [32mΓ£ô[39m tests/integration/planner-editor-PlannerStatusBar.test.tsx [2m([22m[2m2 tests[22m[2m)[22m[32m 77[2mms[22m[39m
 [32mΓ£ô[39m tests/integration/planner-shared-export-exportBoq.test.ts [2m([22m[2m6 tests[22m[2m)[22m[32m 71[2mms[22m[39m
[90mstderr[2m | tests/unit/planner-model-plannerDocument.test.ts[2m > [22m[2mplanner document model[2m > 
[22m[2mparses canonical import envelopes and validates bad JSON
[22m[39m[planner:document] validation failed {
  context: [32m'parsePlannerDocumentImport'[39m,
  issueCount: [33m1[39m,
  issues: [
    {
      path: [32m'name'[39m,
      code: [32m'invalid_type'[39m,
      message: [32m'Invalid input: expected string, received undefined'[39m,
      received: [90mundefined[39m,
      sample: [90mundefined[39m
    }
  ],
  summary: {
    id: [90mundefined[39m,
    name: [90mundefined[39m,
    title: [90mundefined[39m,
    hasProjectName: [33mfalse[39m,
    hasClientName: [33mfalse[39m,
    hasPreparedBy: [33mfalse[39m,
    roomWidthMm: [90mundefined[39m,
    roomDepthMm: [90mundefined[39m,
    seatTarget: [90mundefined[39m,
    unitSystem: [90mundefined[39m,
    itemCount: [90mundefined[39m,
    status: [90mundefined[39m,
    schemaVersion: [90mundefined[39m,
    sceneJson: { kind: [32m'undefined'[39m }
  },
  envelopeIssueCount: [33m2[39m,
  saveRowIssueCount: [33m3[39m,
  documentIssueCount: [33m1[39m,
  errorPreview: [
    [32m'type: Invalid input: expected "planner-document"'[39m,
    [32m'document: Invalid input: expected object, received undefined'[39m,
    [32m'id: Invalid input: expected string, received undefined'[39m,
    [32m'created_at: Invalid input: expected string, received undefined'[39m,
    [32m'updated_at: Invalid input: expected string, received undefined'[39m,
    [32m'name: Invalid input: expected string, received undefined'[39m
  ]
}

 [32mΓ£ô[39m tests/unit/planner-model-plannerDocument.test.ts [2m([22m[2m7 tests[22m[2m)[22m[32m 59[2mms[22m[39m
 [32mΓ£ô[39m tests/integration/pwa-ServiceWorkerRegister.test.tsx [2m([22m[2m5 tests[22m[2m)[22m[32m 53[2mms[22m[39m
 [32mΓ£ô[39m tests/integration/planner-hooks-usePlannerFabricAutosave.test.tsx [2m([22m[2m3 tests[22m[2m)[22m[32m 60[2mms[22m[39m
 [32mΓ£ô[39m tests/unit/planner-lib-assetPipeline.test.ts [2m([22m[2m7 tests[22m[2m)[22m[32m 42[2mms[22m[39m
 [32mΓ£ô[39m tests/integration/planner-store-plannerStore.test.ts [2m([22m[2m31 tests[22m[2m)[22m[32m 69[2mms[22m[39m
 [32mΓ£ô[39m tests/unit/planner-buildBlock2D.test.ts [2m([22m[2m13 tests[22m[2m)[22m[32m 27[2mms[22m[39m
[90mstderr[2m | tests/integration/planner-editor-BlueprintUnderlay.test.tsx[2m > [22m[2mBlueprintUnderlay[2m > 
[22m[2mreturns null when blueprint is hidden or missing
[22m[39mAn update to BlueprintUnderlay inside a test was not wrapped in act(...).

When testing, code that causes React state updates should be wrapped into act(...):

act(() => {
  /* fire events that update state */
});
/* assert on the output */

This ensures that you're testing the behavior the user would see in the browser. Learn more at 
https://react.dev/link/wrap-tests-with-act
An update to BlueprintUnderlay inside a test was not wrapped in act(...).

When testing, code that causes React state updates should be wrapped into act(...):

act(() => {
  /* fire events that update state */
});
/* assert on the output */

This ensures that you're testing the behavior the user would see in the browser. Learn more at 
https://react.dev/link/wrap-tests-with-act

 [32mΓ£ô[39m tests/integration/planner-editor-BlueprintUnderlay.test.tsx [2m([22m[2m2 tests[22m[2m)[22m[32m 59[2mms[22m[39m
 [32mΓ£ô[39m tests/integration/shared-components-GuestBadge.test.tsx [2m([22m[2m1 test[22m[2m)[22m[32m 38[2mms[22m[39m
 [32mΓ£ô[39m tests/integration/shared-entry-AccessPage.test.tsx [2m([22m[2m1 test[22m[2m)[22m[32m 123[2mms[22m[39m
 [32mΓ£ô[39m tests/integration/planner-store-smallStores.test.ts [2m([22m[2m15 tests[22m[2m)[22m[32m 45[2mms[22m[39m
 [32mΓ£ô[39m tests/unit/planner-catalog-catalogHierarchy.test.ts [2m([22m[2m9 tests[22m[2m)[22m[32m 82[2mms[22m[39m
[90mstderr[2m | tests/unit/planner-lib-branches.test.ts[2m > [22m[2mplanner lib branch coverage gaps[2m > 
[22m[2mcovers ai advisor plain-text fallbacks and failed feature flag fetch
[22m[39mFailed to fetch feature flags from Supabase: Service Unavailable

 [32mΓ£ô[39m tests/unit/planner-lib-branches.test.ts [2m([22m[2m5 tests[22m[2m)[22m[32m 46[2mms[22m[39m
 [32mΓ£ô[39m tests/unit/site-catalog-categories.test.ts [2m([22m[2m25 tests[22m[2m)[22m[32m 37[2mms[22m[39m
 [32mΓ£ô[39m tests/integration/shared-entry-OpenAssistantButton.test.tsx [2m([22m[2m1 test[22m[2m)[22m[32m 60[2mms[22m[39m
 [32mΓ£ô[39m tests/unit/aiAdvisorConfig.test.ts [2m([22m[2m2 tests[22m[2m)[22m[32m 56[2mms[22m[39m
 [32mΓ£ô[39m tests/unit/planner-lib-editorTools.test.ts [2m([22m[2m7 tests[22m[2m)[22m[32m 54[2mms[22m[39m
 [32mΓ£ô[39m tests/integration/site-catalog-imageMetadata.test.ts [2m([22m[2m13 tests[22m[2m)[22m[32m 49[2mms[22m[39m
 [32mΓ£ô[39m tests/integration/shared-entry-ChooseProductPage.test.tsx [2m([22m[2m3 tests[22m[2m)[22m[32m 164[2mms[22m[39m
 [32mΓ£ô[39m tests/unit/catalog-fallback.test.ts [2m([22m[2m3 tests[22m[2m)[22m[32m 50[2mms[22m[39m
 [32mΓ£ô[39m tests/integration/planner-store-plannerPersistence.test.ts [2m([22m[2m15 tests[22m[2m)[22m[32m 54[2mms[22m[39m
 [32mΓ£ô[39m tests/unit/planner-store-offlineStorage.test.ts [2m([22m[2m16 tests[22m[2m)[22m[32m 48[2mms[22m[39m
 [32mΓ£ô[39m tests/integration/planner-catalog-managedProducts.test.ts [2m([22m[2m11 tests[22m[2m)[22m[32m 50[2mms[22m[39m
 [32mΓ£ô[39m tests/integration/planner-store-plannerProjectStore.test.ts [2m([22m[2m21 tests[22m[2m)[22m[32m 50[2mms[22m[39m
 [32mΓ£ô[39m tests/integration/planner-store-plannerGeometryStore.test.ts [2m([22m[2m28 tests[22m[2m)[22m[32m 46[2mms[22m[39m
 [32mΓ£ô[39m tests/unit/plannerCloudSaves.test.ts [2m([22m[2m5 tests[22m[2m)[22m[32m 46[2mms[22m[39m
 [32mΓ£ô[39m tests/unit/planner-document-plannerDocumentBridge.test.ts [2m([22m[2m1 test[22m[2m)[22m[32m 40[2mms[22m[39m
 [32mΓ£ô[39m tests/unit/planner-lib-projectIndex.test.ts [2m([22m[2m9 tests[22m[2m)[22m[32m 39[2mms[22m[39m
 [32mΓ£ô[39m tests/unit/planner-model-plannerPlacement.test.ts [2m([22m[2m2 tests[22m[2m)[22m[32m 16[2mms[22m[39m
 [32mΓ£ô[39m tests/integration/shared-auth-lib-useDocumentTitle.test.tsx [2m([22m[2m2 tests[22m[2m)[22m[32m 43[2mms[22m[39m
 [32mΓ£ô[39m tests/unit/planner-store-plannerManagedProducts.test.ts [2m([22m[2m7 tests[22m[2m)[22m[32m 34[2mms[22m[39m
 [32mΓ£ô[39m tests/integration/planner-landing-plannerfeaturedemo.test.tsx [2m([22m[2m2 tests[22m[2m)[22m[32m 40[2mms[22m[39m
 [32mΓ£ô[39m tests/integration/planner-editor-exportActions.test.ts [2m([22m[2m4 tests[22m[2m)[22m[32m 33[2mms[22m[39m
 [32mΓ£ô[39m tests/integration/planner-store-plannerManagedProducts.server.test.ts [2m([22m[2m5 tests[22m[2m)[22m[32m 37[2mms[22m[39m
[90mstderr[2m | tests/unit/planner-store-plannerImport.test.ts[2m > [22m[2mplanner import and publish helpers[2m 
> [22m[2mvalidates import text and surfaces validation failures
[22m[39m[planner:document] validation failed {
  context: [32m'parsePlannerDocumentImport'[39m,
  issueCount: [33m1[39m,
  issues: [
    {
      path: [32m'name'[39m,
      code: [32m'invalid_type'[39m,
      message: [32m'Invalid input: expected string, received undefined'[39m,
      received: [90mundefined[39m,
      sample: [90mundefined[39m
    }
  ],
  summary: {
    id: [90mundefined[39m,
    name: [90mundefined[39m,
    title: [90mundefined[39m,
    hasProjectName: [33mfalse[39m,
    hasClientName: [33mfalse[39m,
    hasPreparedBy: [33mfalse[39m,
    roomWidthMm: [90mundefined[39m,
    roomDepthMm: [90mundefined[39m,
    seatTarget: [90mundefined[39m,
    unitSystem: [90mundefined[39m,
    itemCount: [90mundefined[39m,
    status: [90mundefined[39m,
    schemaVersion: [90mundefined[39m,
    sceneJson: { kind: [32m'undefined'[39m }
  },
  envelopeIssueCount: [33m2[39m,
  saveRowIssueCount: [33m3[39m,
  documentIssueCount: [33m1[39m,
  errorPreview: [
    [32m'type: Invalid input: expected "planner-document"'[39m,
    [32m'document: Invalid input: expected object, received undefined'[39m,
    [32m'id: Invalid input: expected string, received undefined'[39m,
    [32m'created_at: Invalid input: expected string, received undefined'[39m,
    [32m'updated_at: Invalid input: expected string, received undefined'[39m,
    [32m'name: Invalid input: expected string, received undefined'[39m
  ]
}

 [32mΓ£ô[39m tests/unit/planner-store-plannerImport.test.ts [2m([22m[2m6 tests[22m[2m)[22m[32m 42[2mms[22m[39m
 [32mΓ£ô[39m tests/unit/planner-model-planner3dScene.test.ts [2m([22m[2m3 tests[22m[2m)[22m[32m 31[2mms[22m[39m
[90mstderr[2m | tests/unit/planner-lib-documentBridge.test.ts[2m > [22m[2mplanner document bridge[2m > 
[22m[2mdoes not load documents back into the removed legacy editor
[22m[39m[planner:document] validation failed {
  context: [32m'finalizePlannerDocument(output)'[39m,
  issueCount: [33m1[39m,
  issues: [
    {
      path: [32m'sceneJson'[39m,
      code: [32m'invalid_union'[39m,
      message: [32m'Invalid input'[39m,
      received: [90mundefined[39m,
      sample: [36m[Object][39m
    }
  ],
  summary: {
    id: [90mundefined[39m,
    name: { kind: [32m'string'[39m, length: [33m6[39m, redacted: [33mtrue[39m },
    title: { kind: [32m'string'[39m, length: [33m6[39m, redacted: [33mtrue[39m },
    hasProjectName: [33mfalse[39m,
    hasClientName: [33mfalse[39m,
    hasPreparedBy: [33mfalse[39m,
    roomWidthMm: [33m6000[39m,
    roomDepthMm: [33m8000[39m,
    seatTarget: [33m10[39m,
    unitSystem: [32m'metric'[39m,
    itemCount: [33m0[39m,
    status: [32m'draft'[39m,
    schemaVersion: [33m1[39m,
    sceneJson: {
      type: [32m'cad-suite-planner-scene'[39m,
      version: [33m1[39m,
      itemCount: [33m0[39m,
      hasRoom: [33mfalse[39m,
      fabricSnapshot: [36m[Object][39m
    }
  },
  usedFallback: [33mtrue[39m
}

 [32mΓ£ô[39m tests/unit/planner-lib-documentBridge.test.ts [2m([22m[2m3 tests[22m[2m)[22m[32m 37[2mms[22m[39m
 [32mΓ£ô[39m tests/unit/site-configurator-smartWizard.test.ts [2m([22m[2m25 tests[22m[2m)[22m[32m 33[2mms[22m[39m
 [32mΓ£ô[39m tests/integration/site-catalog-specSchema.test.ts [2m([22m[2m16 tests[22m[2m)[22m[32m 36[2mms[22m[39m
 [32mΓ£ô[39m tests/unit/plannerPublish.test.ts [2m([22m[2m3 tests[22m[2m)[22m[32m 32[2mms[22m[39m
 [32mΓ£ô[39m tests/unit/site-data-routeCopy.test.ts [2m([22m[2m19 tests[22m[2m)[22m[32m 33[2mms[22m[39m
 [32mΓ£ô[39m tests/unit/planner-editor-pure.test.ts [2m([22m[2m19 tests[22m[2m)[22m[32m 34[2mms[22m[39m
 [32mΓ£ô[39m tests/unit/planner-state.test.ts [2m([22m[2m35 tests[22m[2m)[22m[32m 31[2mms[22m[39m
 [32mΓ£ô[39m tests/integration/planner-lib-vectorPdfExport.test.ts [2m([22m[2m4 tests[22m[2m)[22m[32m 32[2mms[22m[39m
 [32mΓ£ô[39m tests/unit/navigation-data.test.ts [2m([22m[2m25 tests[22m[2m)[22m[32m 22[2mms[22m[39m
 [32mΓ£ô[39m tests/unit/planner-3d-types.test.ts [2m([22m[2m2 tests[22m[2m)[22m[32m 30[2mms[22m[39m
 [32mΓ£ô[39m tests/unit/planner-shared-catalog-catalogAdapter.test.ts [2m([22m[2m15 tests[22m[2m)[22m[32m 34[2mms[22m[39m
 [32mΓ£ô[39m tests/unit/planner-projectSetup.test.ts [2m([22m[2m24 tests[22m[2m)[22m[32m 35[2mms[22m[39m
 [32mΓ£ô[39m tests/unit/planner-model-plannerDocumentLogging.test.ts [2m([22m[2m4 tests[22m[2m)[22m[32m 33[2mms[22m[39m
 [32mΓ£ô[39m tests/unit/planner-geometry.test.ts [2m([22m[2m42 tests[22m[2m)[22m[32m 28[2mms[22m[39m
 [32mΓ£ô[39m tests/unit/planner-templatePreview.test.ts [2m([22m[2m5 tests[22m[2m)[22m[32m 28[2mms[22m[39m
 [32mΓ£ô[39m tests/unit/planner-lib-aiService.test.ts [2m([22m[2m6 tests[22m[2m)[22m[32m 30[2mms[22m[39m
 [32mΓ£ô[39m tests/unit/planner-catalogBlockBridge.test.ts [2m([22m[2m11 tests[22m[2m)[22m[32m 29[2mms[22m[39m
 [32mΓ£ô[39m tests/integration/plannerPersistence.test.ts [2m([22m[2m2 tests[22m[2m)[22m[32m 32[2mms[22m[39m
 [32mΓ£ô[39m tests/integration/planner-store-plannerFurnitureStore.test.ts [2m([22m[2m12 tests[22m[2m)[22m[32m 21[2mms[22m[39m
[90mstderr[2m | tests/integration/planner-store-plannerCatalog.test.ts[2m > [22m[2mplanner catalog adapter[2m > 
[22m[2mtolerates legacy and managed source failures while merging available products
[22m[39m[planner] Failed to load legacy catalog for planner: Unknown error

[90mstderr[2m | tests/integration/planner-store-plannerCatalog.test.ts[2m > [22m[2mplanner catalog adapter[2m > 
[22m[2mtolerates legacy and managed source failures while merging available products
[22m[39m[planner] Failed to load planner-managed products: managed down

 [32mΓ£ô[39m tests/integration/planner-store-plannerCatalog.test.ts [2m([22m[2m9 tests[22m[2m)[22m[32m 29[2mms[22m[39m
 [32mΓ£ô[39m tests/unit/planner-catalog-plannerCatalogCore.test.ts [2m([22m[2m10 tests[22m[2m)[22m[32m 31[2mms[22m[39m
 [32mΓ£ô[39m tests/integration/planner-store-plannerSaves.test.ts [2m([22m[2m6 tests[22m[2m)[22m[32m 26[2mms[22m[39m
 [32mΓ£ô[39m tests/unit/planner-catalog-catalogStore.test.ts [2m([22m[2m6 tests[22m[2m)[22m[32m 28[2mms[22m[39m
 [32mΓ£ô[39m tests/unit/planner-store-plannerUIStore.test.ts [2m([22m[2m12 tests[22m[2m)[22m[32m 26[2mms[22m[39m
 [32mΓ£ô[39m tests/unit/planner-store-plannerProjectStorage.test.ts [2m([22m[2m10 tests[22m[2m)[22m[32m 25[2mms[22m[39m
 [32mΓ£ô[39m tests/unit/seo-helpers.test.ts [2m([22m[2m34 tests[22m[2m)[22m[32m 26[2mms[22m[39m
 [32mΓ£ô[39m tests/unit/site-data-misc.test.ts [2m([22m[2m14 tests[22m[2m)[22m[32m 28[2mms[22m[39m
 [32mΓ£ô[39m tests/unit/planner-chrome-layout.test.ts [2m([22m[2m12 tests[22m[2m)[22m[32m 26[2mms[22m[39m
 [32mΓ£ô[39m tests/unit/planner-catalog-ingest-csvCatalogIngest.test.ts [2m([22m[2m7 tests[22m[2m)[22m[32m 26[2mms[22m[39m
 [32mΓ£ô[39m tests/unit/planner-canvas-fabric-utils.test.ts [2m([22m[2m4 tests[22m[2m)[22m[32m 27[2mms[22m[39m
 [32mΓ£ô[39m tests/unit/site-data-assistant.test.ts [2m([22m[2m10 tests[22m[2m)[22m[32m 21[2mms[22m[39m
 [32mΓ£ô[39m tests/unit/planner-canvas-fabric-fabricObjectUtils.test.ts [2m([22m[2m11 tests[22m[2m)[22m[32m 20[2mms[22m[39m
 [32mΓ£ô[39m tests/unit/planner-ai-fabric-bridges.test.ts [2m([22m[2m3 tests[22m[2m)[22m[32m 24[2mms[22m[39m
 [32mΓ£ô[39m tests/unit/planner-viewerMaterials.test.ts [2m([22m[2m14 tests[22m[2m)[22m[32m 24[2mms[22m[39m
 [32mΓ£ô[39m tests/unit/planner-lib-geometry.test.ts [2m([22m[2m5 tests[22m[2m)[22m[32m 22[2mms[22m[39m
 [32mΓ£ô[39m tests/unit/planner-lib-wallOpenings.test.ts [2m([22m[2m6 tests[22m[2m)[22m[32m 23[2mms[22m[39m
 [32mΓ£ô[39m tests/unit/planner-canvas-fabric-fabricSceneUtils.test.ts [2m([22m[2m14 tests[22m[2m)[22m[32m 21[2mms[22m[39m
 [32mΓ£ô[39m tests/unit/planner-editor-layerManagerEntries.test.ts [2m([22m[2m6 tests[22m[2m)[22m[32m 23[2mms[22m[39m
 [32mΓ£ô[39m tests/unit/planner-editor-shapeInspectorBridge.test.ts [2m([22m[2m4 tests[22m[2m)[22m[32m 22[2mms[22m[39m
 [32mΓ£ô[39m tests/unit/site-data-contact.test.ts [2m([22m[2m11 tests[22m[2m)[22m[32m 21[2mms[22m[39m
 [32mΓ£ô[39m tests/integration/site-catalog-getProducts.test.ts [2m([22m[2m8 tests[22m[2m)[22m[32m 22[2mms[22m[39m
 [32mΓ£ô[39m tests/unit/site-catalog-filters.test.ts [2m([22m[2m16 tests[22m[2m)[22m[32m 24[2mms[22m[39m
 [32mΓ£ô[39m tests/unit/homepage-data.test.ts [2m([22m[2m9 tests[22m[2m)[22m[32m 20[2mms[22m[39m
 [32mΓ£ô[39m tests/integration/planner-lib-blueprintPdf.test.ts [2m([22m[2m4 tests[22m[2m)[22m[32m 24[2mms[22m[39m
 [32mΓ£ô[39m tests/unit/planner-guestToAuthMigration.test.ts [2m([22m[2m8 tests[22m[2m)[22m[32m 21[2mms[22m[39m
 [32mΓ£ô[39m tests/unit/planner-canvas-fabric-fabricToViewerShapes.test.ts [2m([22m[2m8 tests[22m[2m)[22m[32m 21[2mms[22m[39m
 [32mΓ£ô[39m tests/unit/planner-model-plannerJsonSafe.test.ts [2m([22m[2m1 test[22m[2m)[22m[32m 28[2mms[22m[39m
 [32mΓ£ô[39m tests/unit/planner-lib-layoutAdvisor.test.ts [2m([22m[2m6 tests[22m[2m)[22m[32m 21[2mms[22m[39m
 [32mΓ£ô[39m tests/unit/planner-editor-plannerChromeDock.test.ts [2m([22m[2m7 tests[22m[2m)[22m[32m 24[2mms[22m[39m
 [32mΓ£ô[39m tests/unit/lib-ui-selfHostedAssetUrls.test.ts [2m([22m[2m5 tests[22m[2m)[22m[32m 21[2mms[22m[39m
 [32mΓ£ô[39m tests/unit/planner-layerVisibility.test.ts [2m([22m[2m3 tests[22m[2m)[22m[32m 17[2mms[22m[39m
 [32mΓ£ô[39m tests/unit/site-catalog-slugResolver.test.ts [2m([22m[2m19 tests[22m[2m)[22m[32m 23[2mms[22m[39m
 [32mΓ£ô[39m tests/unit/planner-model-plannerEnvelope.test.ts [2m([22m[2m2 tests[22m[2m)[22m[32m 14[2mms[22m[39m
 [32mΓ£ô[39m tests/unit/planner-catalog-shapeTypeRegistry.test.ts [2m([22m[2m4 tests[22m[2m)[22m[32m 19[2mms[22m[39m
 [32mΓ£ô[39m tests/unit/planner-canvas-fabric-plannerRuntime.test.ts [2m([22m[2m5 tests[22m[2m)[22m[32m 20[2mms[22m[39m
 [32mΓ£ô[39m tests/unit/planner-lib-snapManager.test.ts [2m([22m[2m9 tests[22m[2m)[22m[32m 21[2mms[22m[39m
 [32mΓ£ô[39m tests/unit/planner-lib-applyRoomPreset.test.ts [2m([22m[2m2 tests[22m[2m)[22m[32m 19[2mms[22m[39m
 [32mΓ£ô[39m tests/unit/planner-store-unifiedCatalog.test.ts [2m([22m[2m7 tests[22m[2m)[22m[32m 18[2mms[22m[39m
 [32mΓ£ô[39m tests/unit/planner-model-plannerIdentity.test.ts [2m([22m[2m3 tests[22m[2m)[22m[32m 17[2mms[22m[39m
 [32mΓ£ô[39m tests/unit/planner-layerManagerEntries.test.ts [2m([22m[2m6 tests[22m[2m)[22m[32m 21[2mms[22m[39m
 [32mΓ£ô[39m tests/unit/planner-store-reexports.test.ts [2m([22m[2m2 tests[22m[2m)[22m[32m 15[2mms[22m[39m
 [32mΓ£ô[39m tests/unit/planner-lib-quoteBridge.test.ts [2m([22m[2m5 tests[22m[2m)[22m[32m 16[2mms[22m[39m
 [32mΓ£ô[39m tests/unit/catalog-geometry.test.ts [2m([22m[2m7 tests[22m[2m)[22m[32m 18[2mms[22m[39m
 [32mΓ£ô[39m tests/unit/site-catalog-traits.test.ts [2m([22m[2m10 tests[22m[2m)[22m[32m 18[2mms[22m[39m
 [32mΓ£ô[39m tests/unit/catalog-adapters.test.ts [2m([22m[2m4 tests[22m[2m)[22m[32m 16[2mms[22m[39m
 [32mΓ£ô[39m tests/unit/planner-fabricToViewerShapes.test.ts [2m([22m[2m2 tests[22m[2m)[22m[32m 16[2mms[22m[39m
 [32mΓ£ô[39m tests/unit/planner-store-plannerProjectData.test.ts [2m([22m[2m4 tests[22m[2m)[22m[32m 18[2mms[22m[39m
 [32mΓ£ô[39m tests/unit/catalog-configuratorCatalog.test.ts [2m([22m[2m5 tests[22m[2m)[22m[32m 16[2mms[22m[39m
 [32mΓ£ô[39m tests/unit/planner-shared-boq-quoteCartBridge.test.ts [2m([22m[2m4 tests[22m[2m)[22m[32m 19[2mms[22m[39m
 [32mΓ£ô[39m tests/unit/spaceSuggest.test.ts [2m([22m[2m3 tests[22m[2m)[22m[32m 13[2mms[22m[39m
 [32mΓ£ô[39m tests/unit/planner-lib-compliance.test.ts [2m([22m[2m3 tests[22m[2m)[22m[32m 17[2mms[22m[39m
 [32mΓ£ô[39m tests/unit/planner-shared-document-documentbridge.test.ts [2m([22m[2m4 tests[22m[2m)[22m[32m 16[2mms[22m[39m
 [32mΓ£ô[39m tests/unit/catalog-resolveBlockColors.test.ts [2m([22m[2m5 tests[22m[2m)[22m[32m 16[2mms[22m[39m
 [32mΓ£ô[39m tests/unit/planner-catalog-placementCatalogResolver.test.ts [2m([22m[2m4 tests[22m[2m)[22m[32m 14[2mms[22m[39m
 [32mΓ£ô[39m tests/unit/planner-landing-data.test.ts [2m([22m[2m3 tests[22m[2m)[22m[32m 15[2mms[22m[39m
 [32mΓ£ô[39m tests/unit/site-ai-aiAdvisor.test.ts [2m([22m[2m7 tests[22m[2m)[22m[32m 17[2mms[22m[39m
 [32mΓ£ô[39m tests/unit/projectSetup.test.ts [2m([22m[2m4 tests[22m[2m)[22m[32m 15[2mms[22m[39m
 [32mΓ£ô[39m tests/unit/site-configurator-catalog.test.ts [2m([22m[2m5 tests[22m[2m)[22m[32m 14[2mms[22m[39m
 [32mΓ£ô[39m tests/unit/catalog-configuratorCatalogPayload.test.ts [2m([22m[2m3 tests[22m[2m)[22m[32m 13[2mms[22m[39m
 [32mΓ£ô[39m tests/unit/planner-model-plannerPermissions.test.ts [2m([22m[2m2 tests[22m[2m)[22m[32m 12[2mms[22m[39m
 [32mΓ£ô[39m tests/unit/planner-lib-presets.test.ts [2m([22m[2m4 tests[22m[2m)[22m[32m 14[2mms[22m[39m
 [32mΓ£ô[39m tests/unit/site-configurator-constants.test.ts [2m([22m[2m6 tests[22m[2m)[22m[32m 15[2mms[22m[39m
 [32mΓ£ô[39m tests/unit/catalogHierarchy.test.ts [2m([22m[2m4 tests[22m[2m)[22m[32m 14[2mms[22m[39m
 [32mΓ£ô[39m tests/unit/planner-catalog.test.ts [2m([22m[2m6 tests[22m[2m)[22m[32m 17[2mms[22m[39m
 [32mΓ£ô[39m tests/unit/planner-catalog-workspaceCatalog.test.ts [2m([22m[2m3 tests[22m[2m)[22m[32m 15[2mms[22m[39m
 [32mΓ£ô[39m tests/unit/layoutPreviewBounds.test.ts [2m([22m[2m1 test[22m[2m)[22m[32m 13[2mms[22m[39m
 [32mΓ£ô[39m tests/unit/planner-openingCollision.test.ts [2m([22m[2m4 tests[22m[2m)[22m[32m 13[2mms[22m[39m
 [32mΓ£ô[39m tests/unit/planner-editorSelectionStatus.test.ts [2m([22m[2m4 tests[22m[2m)[22m[32m 17[2mms[22m[39m
 [32mΓ£ô[39m tests/unit/planner-svg-export-colors.test.ts [2m([22m[2m2 tests[22m[2m)[22m[32m 12[2mms[22m[39m
 [32mΓ£ô[39m tests/unit/planner-canvas-fabric-formatDate.test.ts [2m([22m[2m4 tests[22m[2m)[22m[32m 14[2mms[22m[39m
 [32mΓ£ô[39m tests/unit/catalogMatch.test.ts [2m([22m[2m2 tests[22m[2m)[22m[32m 12[2mms[22m[39m
 [32mΓ£ô[39m tests/unit/planner-blueprintTransform.test.ts [2m([22m[2m4 tests[22m[2m)[22m[32m 14[2mms[22m[39m
 [32mΓ£ô[39m tests/unit/planner-shapeTypeRegistry.test.ts [2m([22m[2m4 tests[22m[2m)[22m[32m 12[2mms[22m[39m
 [32mΓ£ô[39m tests/unit/catalog-seed.test.ts [2m([22m[2m3 tests[22m[2m)[22m[32m 13[2mms[22m[39m
 [32mΓ£ô[39m tests/unit/shared-auth-lib-humanizeAuthError.test.ts [2m([22m[2m6 tests[22m[2m)[22m[32m 15[2mms[22m[39m
 [32mΓ£ô[39m tests/unit/planner-layerManagerUiState.test.ts [2m([22m[2m3 tests[22m[2m)[22m[32m 12[2mms[22m[39m
 [32mΓ£ô[39m tests/unit/catalog-surface2d5.test.ts [2m([22m[2m3 tests[22m[2m)[22m[32m 13[2mms[22m[39m
 [32mΓ£ô[39m tests/unit/planner-editor-plannerToolVisibility.test.ts [2m([22m[2m5 tests[22m[2m)[22m[32m 14[2mms[22m[39m
 [32mΓ£ô[39m tests/unit/planner-blueprintImport.test.ts [2m([22m[2m3 tests[22m[2m)[22m[32m 12[2mms[22m[39m
 [32mΓ£ô[39m tests/unit/applySuggestedLayout.test.ts [2m([22m[2m1 test[22m[2m)[22m[32m 13[2mms[22m[39m
 [32mΓ£ô[39m tests/unit/planner-catalog-drop.test.ts [2m([22m[2m3 tests[22m[2m)[22m[32m 14[2mms[22m[39m
 [32mΓ£ô[39m tests/unit/planner-lib-calibrationScale.test.ts [2m([22m[2m3 tests[22m[2m)[22m[32m 14[2mms[22m[39m
 [32mΓ£ô[39m tests/unit/planner-toolRailGroups.test.ts [2m([22m[2m6 tests[22m[2m)[22m[32m 18[2mms[22m[39m
 [32mΓ£ô[39m tests/unit/planner-blueprintCanvasFrame.test.ts [2m([22m[2m1 test[22m[2m)[22m[32m 9[2mms[22m[39m
 [32mΓ£ô[39m tests/unit/shared-providerChain.test.ts [2m([22m[2m2 tests[22m[2m)[22m[32m 10[2mms[22m[39m
 [32mΓ£ô[39m tests/unit/planner-layerCounts.test.ts [2m([22m[2m4 tests[22m[2m)[22m[32m 10[2mms[22m[39m
 [32mΓ£ô[39m tests/unit/planner-blueprintTraceGuide.test.ts [2m([22m[2m2 tests[22m[2m)[22m[32m 7[2mms[22m[39m
 [32mΓ£ô[39m tests/unit/planner-blueprintPdfSession.test.ts [2m([22m[2m2 tests[22m[2m)[22m[32m 7[2mms[22m[39m
 [32mΓ£ô[39m tests/unit/site-configurator-barrel.test.ts [2m([22m[2m1 test[22m[2m)[22m[32m 5[2mms[22m[39m
 [32mΓ£ô[39m tests/unit/planner-blueprintCanvasTransform.test.ts [2m([22m[2m1 test[22m[2m)[22m[32m 5[2mms[22m[39m
 [32mΓ£ô[39m tests/integration/shared-auth-lib-session.test.ts [2m([22m[2m1 test[22m[2m)[22m[32m 3[2mms[22m[39m
 [32mΓ£ô[39m tests/unit/planner-editor-usePlannerPanels.test.ts [2m([22m[2m1 test[22m[2m)[22m[32m 3[2mms[22m[39m
[90mstderr[2m | tests/integration/planner-editor-PlannerWorkspace.test.tsx
[22m[39mWarning: Please use the `legacy` build in Node.js environments.


<--- Last few GCs --->

[38748:000001C2ACF90000]    66353 ms: Scavenge (interleaved) 4084.7 (4095.3) -> 4082.2 (4103.3) MB, pooled: 0 MB, 3.28 
/ 0.00 ms  (average mu = 0.372, current mu = 0.376) allocation failure; 
[38748:000001C2ACF90000]    67272 ms: Mark-Compact (reduce) 4090.1 (4104.3) -> 4080.9 (4089.1) MB, pooled: 0 MB, 
182.97 / 0.00 ms  (+ 606.6 ms in 121 steps since start of marking, biggest step 5.1 ms, walltime since start of 
marking 920 ms) (average mu = 
FATAL ERROR: Ineffective mark-compacts near heap limit Allocation failed - JavaScript heap out of memory
----- Native stack trace -----

 1: 00007FF72FDB0CCF node::OnFatalError+1343
 2: 00007FF7309FF697 v8::Function::NewInstance+423
 3: 00007FF7308000C7 v8::base::AddressSpaceReservation::AddressSpaceReservation+322071
 4: 00007FF730803DD4 v8::base::AddressSpaceReservation::AddressSpaceReservation+337700
 5: 00007FF730812D2C v8::internal::StrongRootAllocatorBase::deallocate_impl+16604
 6: 00007FF73081256B v8::internal::StrongRootAllocatorBase::deallocate_impl+14619
 7: 00007FF731C9E86D v8::base::UnsignedDivisionByConstant<unsigned __int64>+2794685
 8: 00007FF7307FDB90 v8::base::AddressSpaceReservation::AddressSpaceReservation+312544
 9: 00007FF7308183DA X509_STORE_set_cleanup+5098
10: 00007FF730824876 uv_timer_set_repeat+20694
11: 00007FF7303F65B7 v8::String::Value::~Value+144199
12: 000001C2E56375FA 

[31mΓÄ»ΓÄ»ΓÄ»ΓÄ»ΓÄ»ΓÄ»[39m[1m[41m Failed Tests 26 [49m[22m[31mΓÄ»ΓÄ»ΓÄ»ΓÄ»ΓÄ»ΓÄ»ΓÄ»[39m

[41m[1m FAIL [22m[49m tests/integration/planner-canvas-fabric-FloorplanContext.test.tsx[2m > 
[22mFloorplanContext[2m > [22mexposes default state values
[31m[1mReferenceError[22m: React is not defined[39m
[36m [2mΓ¥»[22m setupHook tests/integration/planner-canvas-fabric-FloorplanContext.test.tsx:[2m58:18[22m[39m
    [90m 56|[39m
    [90m 57|[39m [35mfunction[39m [34msetupHook[39m(_initialApi[33m:[39m [33mFloorplanCanvasApi[39m 
[33m|[39m [35mnull[39m [33m=[39m [35mnull[39m) {
    [90m 58|[39m   [35mconst[39m apiRef [33m=[39m 
[33mReact[39m[33m.[39mcreateRef[33m<[39m[33mFloorplanCanvasApi[39m[33m>[39m()[33m;[39m
    [90m   |[39m                  [31m^[39m
    [90m 59|[39m   [35mconst[39m wrapper [33m=[39m ({ children }[33m:[39m { children[33m:[39m 
[33mReactNode[39m }) [33m=>[39m (
    [90m 60|[39m     [33m<[39m[33mFloorplanProvider[39m[33m>[39m[33m{[39mchildren[33m}[39m[33m<[39m[33m/
[39m[33mFloorplanProvider[39m[33m>[39m
[90m [2mΓ¥»[22m tests/integration/planner-canvas-fabric-FloorplanContext.test.tsx:[2m81:24[22m[39m

[31m[2mΓÄ»ΓÄ»ΓÄ»ΓÄ»ΓÄ»ΓÄ»ΓÄ»ΓÄ»ΓÄ»ΓÄ»ΓÄ»ΓÄ»ΓÄ»ΓÄ»ΓÄ»ΓÄ»ΓÄ»ΓÄ»ΓÄ»ΓÄ»ΓÄ»ΓÄ»ΓÄ»[1/26]ΓÄ»[22m[39m

[41m[1m FAIL [22m[49m tests/integration/planner-canvas-fabric-FloorplanContext.test.tsx[2m > 
[22mFloorplanContext[2m > [22mregisterCanvasApi pushes initial draw settings into the api and clears context menu 
on null
[31m[1mReferenceError[22m: React is not defined[39m
[36m [2mΓ¥»[22m setupHook tests/integration/planner-canvas-fabric-FloorplanContext.test.tsx:[2m58:18[22m[39m
    [90m 56|[39m
    [90m 57|[39m [35mfunction[39m [34msetupHook[39m(_initialApi[33m:[39m [33mFloorplanCanvasApi[39m 
[33m|[39m [35mnull[39m [33m=[39m [35mnull[39m) {
    [90m 58|[39m   [35mconst[39m apiRef [33m=[39m 
[33mReact[39m[33m.[39mcreateRef[33m<[39m[33mFloorplanCanvasApi[39m[33m>[39m()[33m;[39m
    [90m   |[39m                  [31m^[39m
    [90m 59|[39m   [35mconst[39m wrapper [33m=[39m ({ children }[33m:[39m { children[33m:[39m 
[33mReactNode[39m }) [33m=>[39m (
    [90m 60|[39m     [33m<[39m[33mFloorplanProvider[39m[33m>[39m[33m{[39mchildren[33m}[39m[33m<[39m[33m/
[39m[33mFloorplanProvider[39m[33m>[39m
[90m [2mΓ¥»[22m tests/integration/planner-canvas-fabric-FloorplanContext.test.tsx:[2m92:24[22m[39m

[31m[2mΓÄ»ΓÄ»ΓÄ»ΓÄ»ΓÄ»ΓÄ»ΓÄ»ΓÄ»ΓÄ»ΓÄ»ΓÄ»ΓÄ»ΓÄ»ΓÄ»ΓÄ»ΓÄ»ΓÄ»ΓÄ»ΓÄ»ΓÄ»ΓÄ»ΓÄ»ΓÄ»[2/26]ΓÄ»[22m[39m

[41m[1m FAIL [22m[49m tests/integration/planner-canvas-fabric-FloorplanContext.test.tsx[2m > 
[22mFloorplanContext[2m > [22mperformOperation dispatches each operation to the api
[31m[1mReferenceError[22m: React is not defined[39m
[36m [2mΓ¥»[22m setupHook tests/integration/planner-canvas-fabric-FloorplanContext.test.tsx:[2m58:18[22m[39m
    [90m 56|[39m
    [90m 57|[39m [35mfunction[39m [34msetupHook[39m(_initialApi[33m:[39m [33mFloorplanCanvasApi[39m 
[33m|[39m [35mnull[39m [33m=[39m [35mnull[39m) {
    [90m 58|[39m   [35mconst[39m apiRef [33m=[39m 
[33mReact[39m[33m.[39mcreateRef[33m<[39m[33mFloorplanCanvasApi[39m[33m>[39m()[33m;[39m
    [90m   |[39m                  [31m^[39m
    [90m 59|[39m   [35mconst[39m wrapper [33m=[39m ({ children }[33m:[39m { children[33m:[39m 
[33mReactNode[39m }) [33m=>[39m (
    [90m 60|[39m     [33m<[39m[33mFloorplanProvider[39m[33m>[39m[33m{[39mchildren[33m}[39m[33m<[39m[33m/
[39m[33mFloorplanProvider[39m[33m>[39m
[90m [2mΓ¥»[22m tests/integration/planner-canvas-fabric-FloorplanContext.test.tsx:[2m109:24[22m[39m

[31m[2mΓÄ»ΓÄ»ΓÄ»ΓÄ»ΓÄ»ΓÄ»ΓÄ»ΓÄ»ΓÄ»ΓÄ»ΓÄ»ΓÄ»ΓÄ»ΓÄ»ΓÄ»ΓÄ»ΓÄ»ΓÄ»ΓÄ»ΓÄ»ΓÄ»ΓÄ»ΓÄ»[3/26]ΓÄ»[22m[39m

[41m[1m FAIL [22m[49m tests/integration/planner-canvas-fabric-FloorplanContext.test.tsx[2m > 
[22mFloorplanContext[2m > [22mperformOperation is a no-op when no api is registered
[31m[1mReferenceError[22m: React is not defined[39m
[36m [2mΓ¥»[22m setupHook tests/integration/planner-canvas-fabric-FloorplanContext.test.tsx:[2m58:18[22m[39m
    [90m 56|[39m
    [90m 57|[39m [35mfunction[39m [34msetupHook[39m(_initialApi[33m:[39m [33mFloorplanCanvasApi[39m 
[33m|[39m [35mnull[39m [33m=[39m [35mnull[39m) {
    [90m 58|[39m   [35mconst[39m apiRef [33m=[39m 
[33mReact[39m[33m.[39mcreateRef[33m<[39m[33mFloorplanCanvasApi[39m[33m>[39m()[33m;[39m
    [90m   |[39m                  [31m^[39m
    [90m 59|[39m   [35mconst[39m wrapper [33m=[39m ({ children }[33m:[39m { children[33m:[39m 
[33mReactNode[39m }) [33m=>[39m (
    [90m 60|[39m     [33m<[39m[33mFloorplanProvider[39m[33m>[39m[33m{[39mchildren[33m}[39m[33m<[39m[33m/
[39m[33mFloorplanProvider[39m[33m>[39m
[90m [2mΓ¥»[22m tests/integration/planner-canvas-fabric-FloorplanContext.test.tsx:[2m152:24[22m[39m

[31m[2mΓÄ»ΓÄ»ΓÄ»ΓÄ»ΓÄ»ΓÄ»ΓÄ»ΓÄ»ΓÄ»ΓÄ»ΓÄ»ΓÄ»ΓÄ»ΓÄ»ΓÄ»ΓÄ»ΓÄ»ΓÄ»ΓÄ»ΓÄ»ΓÄ»ΓÄ»ΓÄ»[4/26]ΓÄ»[22m[39m

[41m[1m FAIL [22m[49m tests/integration/planner-canvas-fabric-FloorplanContext.test.tsx[2m > 
[22mFloorplanContext[2m > [22mundo guards prevent calling api when only a single state remains
[31m[1mReferenceError[22m: React is not defined[39m
[36m [2mΓ¥»[22m setupHook tests/integration/planner-canvas-fabric-FloorplanContext.test.tsx:[2m58:18[22m[39m
    [90m 56|[39m
    [90m 57|[39m [35mfunction[39m [34msetupHook[39m(_initialApi[33m:[39m [33mFloorplanCanvasApi[39m 
[33m|[39m [35mnull[39m [33m=[39m [35mnull[39m) {
    [90m 58|[39m   [35mconst[39m apiRef [33m=[39m 
[33mReact[39m[33m.[39mcreateRef[33m<[39m[33mFloorplanCanvasApi[39m[33m>[39m()[33m;[39m
    [90m   |[39m                  [31m^[39m
    [90m 59|[39m   [35mconst[39m wrapper [33m=[39m ({ children }[33m:[39m { children[33m:[39m 
[33mReactNode[39m }) [33m=>[39m (
    [90m 60|[39m     [33m<[39m[33mFloorplanProvider[39m[33m>[39m[33m{[39mchildren[33m}[39m[33m<[39m[33m/
[39m[33mFloorplanProvider[39m[33m>[39m
[90m [2mΓ¥»[22m tests/integration/planner-canvas-fabric-FloorplanContext.test.tsx:[2m160:24[22m[39m

[31m[2mΓÄ»ΓÄ»ΓÄ»ΓÄ»ΓÄ»ΓÄ»ΓÄ»ΓÄ»ΓÄ»ΓÄ»ΓÄ»ΓÄ»ΓÄ»ΓÄ»ΓÄ»ΓÄ»ΓÄ»ΓÄ»ΓÄ»ΓÄ»ΓÄ»ΓÄ»ΓÄ»[5/26]ΓÄ»[22m[39m

[41m[1m FAIL [22m[49m tests/integration/planner-canvas-fabric-FloorplanContext.test.tsx[2m > 
[22mFloorplanContext[2m > [22mredo guards prevent calling api when there are no redo states
[31m[1mReferenceError[22m: React is not defined[39m
[36m [2mΓ¥»[22m setupHook tests/integration/planner-canvas-fabric-FloorplanContext.test.tsx:[2m58:18[22m[39m
    [90m 56|[39m
    [90m 57|[39m [35mfunction[39m [34msetupHook[39m(_initialApi[33m:[39m [33mFloorplanCanvasApi[39m 
[33m|[39m [35mnull[39m [33m=[39m [35mnull[39m) {
    [90m 58|[39m   [35mconst[39m apiRef [33m=[39m 
[33mReact[39m[33m.[39mcreateRef[33m<[39m[33mFloorplanCanvasApi[39m[33m>[39m()[33m;[39m
    [90m   |[39m                  [31m^[39m
    [90m 59|[39m   [35mconst[39m wrapper [33m=[39m ({ children }[33m:[39m { children[33m:[39m 
[33mReactNode[39m }) [33m=>[39m (
    [90m 60|[39m     [33m<[39m[33mFloorplanProvider[39m[33m>[39m[33m{[39mchildren[33m}[39m[33m<[39m[33m/
[39m[33mFloorplanProvider[39m[33m>[39m
[90m [2mΓ¥»[22m tests/integration/planner-canvas-fabric-FloorplanContext.test.tsx:[2m171:24[22m[39m

[31m[2mΓÄ»ΓÄ»ΓÄ»ΓÄ»ΓÄ»ΓÄ»ΓÄ»ΓÄ»ΓÄ»ΓÄ»ΓÄ»ΓÄ»ΓÄ»ΓÄ»ΓÄ»ΓÄ»ΓÄ»ΓÄ»ΓÄ»ΓÄ»ΓÄ»ΓÄ»ΓÄ»[6/26]ΓÄ»[22m[39m

[41m[1m FAIL [22m[49m tests/integration/planner-canvas-fabric-FloorplanContext.test.tsx[2m > 
[22mFloorplanContext[2m > [22mundo/redo call through to the api once multiple states exist
[31m[1mReferenceError[22m: React is not defined[39m
[36m [2mΓ¥»[22m setupHook tests/integration/planner-canvas-fabric-FloorplanContext.test.tsx:[2m58:18[22m[39m
    [90m 56|[39m
    [90m 57|[39m [35mfunction[39m [34msetupHook[39m(_initialApi[33m:[39m [33mFloorplanCanvasApi[39m 
[33m|[39m [35mnull[39m [33m=[39m [35mnull[39m) {
    [90m 58|[39m   [35mconst[39m apiRef [33m=[39m 
[33mReact[39m[33m.[39mcreateRef[33m<[39m[33mFloorplanCanvasApi[39m[33m>[39m()[33m;[39m
    [90m   |[39m                  [31m^[39m
    [90m 59|[39m   [35mconst[39m wrapper [33m=[39m ({ children }[33m:[39m { children[33m:[39m 
[33mReactNode[39m }) [33m=>[39m (
    [90m 60|[39m     [33m<[39m[33mFloorplanProvider[39m[33m>[39m[33m{[39mchildren[33m}[39m[33m<[39m[33m/
[39m[33mFloorplanProvider[39m[33m>[39m
[90m [2mΓ¥»[22m tests/integration/planner-canvas-fabric-FloorplanContext.test.tsx:[2m181:24[22m[39m

[31m[2mΓÄ»ΓÄ»ΓÄ»ΓÄ»ΓÄ»ΓÄ»ΓÄ»ΓÄ»ΓÄ»ΓÄ»ΓÄ»ΓÄ»ΓÄ»ΓÄ»ΓÄ»ΓÄ»ΓÄ»ΓÄ»ΓÄ»ΓÄ»ΓÄ»ΓÄ»ΓÄ»[7/26]ΓÄ»[22m[39m

[41m[1m FAIL [22m[49m tests/integration/planner-canvas-fabric-FloorplanContext.test.tsx[2m > 
[22mFloorplanContext[2m > [22mpushState writes to room-edit stacks while in room edit mode
[31m[1mReferenceError[22m: React is not defined[39m
[36m [2mΓ¥»[22m setupHook tests/integration/planner-canvas-fabric-FloorplanContext.test.tsx:[2m58:18[22m[39m
    [90m 56|[39m
    [90m 57|[39m [35mfunction[39m [34msetupHook[39m(_initialApi[33m:[39m [33mFloorplanCanvasApi[39m 
[33m|[39m [35mnull[39m [33m=[39m [35mnull[39m) {
    [90m 58|[39m   [35mconst[39m apiRef [33m=[39m 
[33mReact[39m[33m.[39mcreateRef[33m<[39m[33mFloorplanCanvasApi[39m[33m>[39m()[33m;[39m
    [90m   |[39m                  [31m^[39m
    [90m 59|[39m   [35mconst[39m wrapper [33m=[39m ({ children }[33m:[39m { children[33m:[39m 
[33mReactNode[39m }) [33m=>[39m (
    [90m 60|[39m     [33m<[39m[33mFloorplanProvider[39m[33m>[39m[33m{[39mchildren[33m}[39m[33m<[39m[33m/
[39m[33mFloorplanProvider[39m[33m>[39m
[90m [2mΓ¥»[22m tests/integration/planner-canvas-fabric-FloorplanContext.test.tsx:[2m194:24[22m[39m

[31m[2mΓÄ»ΓÄ»ΓÄ»ΓÄ»ΓÄ»ΓÄ»ΓÄ»ΓÄ»ΓÄ»ΓÄ»ΓÄ»ΓÄ»ΓÄ»ΓÄ»ΓÄ»ΓÄ»ΓÄ»ΓÄ»ΓÄ»ΓÄ»ΓÄ»ΓÄ»ΓÄ»[8/26]ΓÄ»[22m[39m

[41m[1m FAIL [22m[49m tests/integration/planner-canvas-fabric-FloorplanContext.test.tsx[2m > 
[22mFloorplanContext[2m > [22mpushState writes to the normal stacks when not in room edit
[31m[1mReferenceError[22m: React is not defined[39m
[36m [2mΓ¥»[22m setupHook tests/integration/planner-canvas-fabric-FloorplanContext.test.tsx:[2m58:18[22m[39m
    [90m 56|[39m
    [90m 57|[39m [35mfunction[39m [34msetupHook[39m(_initialApi[33m:[39m [33mFloorplanCanvasApi[39m 
[33m|[39m [35mnull[39m [33m=[39m [35mnull[39m) {
    [90m 58|[39m   [35mconst[39m apiRef [33m=[39m 
[33mReact[39m[33m.[39mcreateRef[33m<[39m[33mFloorplanCanvasApi[39m[33m>[39m()[33m;[39m
    [90m   |[39m                  [31m^[39m
    [90m 59|[39m   [35mconst[39m wrapper [33m=[39m ({ children }[33m:[39m { children[33m:[39m 
[33mReactNode[39m }) [33m=>[39m (
    [90m 60|[39m     [33m<[39m[33mFloorplanProvider[39m[33m>[39m[33m{[39mchildren[33m}[39m[33m<[39m[33m/
[39m[33mFloorplanProvider[39m[33m>[39m
[90m [2mΓ¥»[22m tests/integration/planner-canvas-fabric-FloorplanContext.test.tsx:[2m206:24[22m[39m

[31m[2mΓÄ»ΓÄ»ΓÄ»ΓÄ»ΓÄ»ΓÄ»ΓÄ»ΓÄ»ΓÄ»ΓÄ»ΓÄ»ΓÄ»ΓÄ»ΓÄ»ΓÄ»ΓÄ»ΓÄ»ΓÄ»ΓÄ»ΓÄ»ΓÄ»ΓÄ»ΓÄ»[9/26]ΓÄ»[22m[39m

[41m[1m FAIL [22m[49m tests/integration/planner-canvas-fabric-FloorplanContext.test.tsx[2m > 
[22mFloorplanContext[2m > [22mzoomIn/zoomOut clamp within 20-150 and delegate to api.setZoom
[31m[1mReferenceError[22m: React is not defined[39m
[36m [2mΓ¥»[22m setupHook tests/integration/planner-canvas-fabric-FloorplanContext.test.tsx:[2m58:18[22m[39m
    [90m 56|[39m
    [90m 57|[39m [35mfunction[39m [34msetupHook[39m(_initialApi[33m:[39m [33mFloorplanCanvasApi[39m 
[33m|[39m [35mnull[39m [33m=[39m [35mnull[39m) {
    [90m 58|[39m   [35mconst[39m apiRef [33m=[39m 
[33mReact[39m[33m.[39mcreateRef[33m<[39m[33mFloorplanCanvasApi[39m[33m>[39m()[33m;[39m
    [90m   |[39m                  [31m^[39m
    [90m 59|[39m   [35mconst[39m wrapper [33m=[39m ({ children }[33m:[39m { children[33m:[39m 
[33mReactNode[39m }) [33m=>[39m (
    [90m 60|[39m     [33m<[39m[33mFloorplanProvider[39m[33m>[39m[33m{[39mchildren[33m}[39m[33m<[39m[33m/
[39m[33mFloorplanProvider[39m[33m>[39m
[90m [2mΓ¥»[22m tests/integration/planner-canvas-fabric-FloorplanContext.test.tsx:[2m217:24[22m[39m

[31m[2mΓÄ»ΓÄ»ΓÄ»ΓÄ»ΓÄ»ΓÄ»ΓÄ»ΓÄ»ΓÄ»ΓÄ»ΓÄ»ΓÄ»ΓÄ»ΓÄ»ΓÄ»ΓÄ»ΓÄ»ΓÄ»ΓÄ»ΓÄ»ΓÄ»ΓÄ»[10/26]ΓÄ»[22m[39m

[41m[1m FAIL [22m[49m tests/integration/planner-canvas-fabric-FloorplanContext.test.tsx[2m > 
[22mFloorplanContext[2m > [22msetZoom updates state and delegates to the api
[31m[1mReferenceError[22m: React is not defined[39m
[36m [2mΓ¥»[22m setupHook tests/integration/planner-canvas-fabric-FloorplanContext.test.tsx:[2m58:18[22m[39m
    [90m 56|[39m
    [90m 57|[39m [35mfunction[39m [34msetupHook[39m(_initialApi[33m:[39m [33mFloorplanCanvasApi[39m 
[33m|[39m [35mnull[39m [33m=[39m [35mnull[39m) {
    [90m 58|[39m   [35mconst[39m apiRef [33m=[39m 
[33mReact[39m[33m.[39mcreateRef[33m<[39m[33mFloorplanCanvasApi[39m[33m>[39m()[33m;[39m
    [90m   |[39m                  [31m^[39m
    [90m 59|[39m   [35mconst[39m wrapper [33m=[39m ({ children }[33m:[39m { children[33m:[39m 
[33mReactNode[39m }) [33m=>[39m (
    [90m 60|[39m     [33m<[39m[33mFloorplanProvider[39m[33m>[39m[33m{[39mchildren[33m}[39m[33m<[39m[33m/
[39m[33mFloorplanProvider[39m[33m>[39m
[90m [2mΓ¥»[22m tests/integration/planner-canvas-fabric-FloorplanContext.test.tsx:[2m242:24[22m[39m

[31m[2mΓÄ»ΓÄ»ΓÄ»ΓÄ»ΓÄ»ΓÄ»ΓÄ»ΓÄ»ΓÄ»ΓÄ»ΓÄ»ΓÄ»ΓÄ»ΓÄ»ΓÄ»ΓÄ»ΓÄ»ΓÄ»ΓÄ»ΓÄ»ΓÄ»ΓÄ»[11/26]ΓÄ»[22m[39m

[41m[1m FAIL [22m[49m tests/integration/planner-canvas-fabric-FloorplanContext.test.tsx[2m > 
[22mFloorplanContext[2m > [22mtoggleGrid flips gridEnabled and schedules api.setGridVisible
[31m[1mReferenceError[22m: React is not defined[39m
[36m [2mΓ¥»[22m setupHook tests/integration/planner-canvas-fabric-FloorplanContext.test.tsx:[2m58:18[22m[39m
    [90m 56|[39m
    [90m 57|[39m [35mfunction[39m [34msetupHook[39m(_initialApi[33m:[39m [33mFloorplanCanvasApi[39m 
[33m|[39m [35mnull[39m [33m=[39m [35mnull[39m) {
    [90m 58|[39m   [35mconst[39m apiRef [33m=[39m 
[33mReact[39m[33m.[39mcreateRef[33m<[39m[33mFloorplanCanvasApi[39m[33m>[39m()[33m;[39m
    [90m   |[39m                  [31m^[39m
    [90m 59|[39m   [35mconst[39m wrapper [33m=[39m ({ children }[33m:[39m { children[33m:[39m 
[33mReactNode[39m }) [33m=>[39m (
    [90m 60|[39m     [33m<[39m[33mFloorplanProvider[39m[33m>[39m[33m{[39mchildren[33m}[39m[33m<[39m[33m/
[39m[33mFloorplanProvider[39m[33m>[39m
[90m [2mΓ¥»[22m tests/integration/planner-canvas-fabric-FloorplanContext.test.tsx:[2m252:24[22m[39m

[31m[2mΓÄ»ΓÄ»ΓÄ»ΓÄ»ΓÄ»ΓÄ»ΓÄ»ΓÄ»ΓÄ»ΓÄ»ΓÄ»ΓÄ»ΓÄ»ΓÄ»ΓÄ»ΓÄ»ΓÄ»ΓÄ»ΓÄ»ΓÄ»ΓÄ»ΓÄ»[12/26]ΓÄ»[22m[39m

[41m[1m FAIL [22m[49m tests/integration/planner-canvas-fabric-FloorplanContext.test.tsx[2m > 
[22mFloorplanContext[2m > [22msetGridEnabled updates state and schedules the api call
[31m[1mReferenceError[22m: React is not defined[39m
[36m [2mΓ¥»[22m setupHook tests/integration/planner-canvas-fabric-FloorplanContext.test.tsx:[2m58:18[22m[39m
    [90m 56|[39m
    [90m 57|[39m [35mfunction[39m [34msetupHook[39m(_initialApi[33m:[39m [33mFloorplanCanvasApi[39m 
[33m|[39m [35mnull[39m [33m=[39m [35mnull[39m) {
    [90m 58|[39m   [35mconst[39m apiRef [33m=[39m 
[33mReact[39m[33m.[39mcreateRef[33m<[39m[33mFloorplanCanvasApi[39m[33m>[39m()[33m;[39m
    [90m   |[39m                  [31m^[39m
    [90m 59|[39m   [35mconst[39m wrapper [33m=[39m ({ children }[33m:[39m { children[33m:[39m 
[33mReactNode[39m }) [33m=>[39m (
    [90m 60|[39m     [33m<[39m[33mFloorplanProvider[39m[33m>[39m[33m{[39mchildren[33m}[39m[33m<[39m[33m/
[39m[33mFloorplanProvider[39m[33m>[39m
[90m [2mΓ¥»[22m tests/integration/planner-canvas-fabric-FloorplanContext.test.tsx:[2m267:24[22m[39m

[31m[2mΓÄ»ΓÄ»ΓÄ»ΓÄ»ΓÄ»ΓÄ»ΓÄ»ΓÄ»ΓÄ»ΓÄ»ΓÄ»ΓÄ»ΓÄ»ΓÄ»ΓÄ»ΓÄ»ΓÄ»ΓÄ»ΓÄ»ΓÄ»ΓÄ»ΓÄ»[13/26]ΓÄ»[22m[39m

[41m[1m FAIL [22m[49m tests/integration/planner-canvas-fabric-FloorplanContext.test.tsx[2m > 
[22mFloorplanContext[2m > [22msetDrawTool/setDrawColor/setDrawFillColor update state and delegate to api
[31m[1mReferenceError[22m: React is not defined[39m
[36m [2mΓ¥»[22m setupHook tests/integration/planner-canvas-fabric-FloorplanContext.test.tsx:[2m58:18[22m[39m
    [90m 56|[39m
    [90m 57|[39m [35mfunction[39m [34msetupHook[39m(_initialApi[33m:[39m [33mFloorplanCanvasApi[39m 
[33m|[39m [35mnull[39m [33m=[39m [35mnull[39m) {
    [90m 58|[39m   [35mconst[39m apiRef [33m=[39m 
[33mReact[39m[33m.[39mcreateRef[33m<[39m[33mFloorplanCanvasApi[39m[33m>[39m()[33m;[39m
    [90m   |[39m                  [31m^[39m
    [90m 59|[39m   [35mconst[39m wrapper [33m=[39m ({ children }[33m:[39m { children[33m:[39m 
[33mReactNode[39m }) [33m=>[39m (
    [90m 60|[39m     [33m<[39m[33mFloorplanProvider[39m[33m>[39m[33m{[39mchildren[33m}[39m[33m<[39m[33m/
[39m[33mFloorplanProvider[39m[33m>[39m
[90m [2mΓ¥»[22m tests/integration/planner-canvas-fabric-FloorplanContext.test.tsx:[2m277:24[22m[39m

[31m[2mΓÄ»ΓÄ»ΓÄ»ΓÄ»ΓÄ»ΓÄ»ΓÄ»ΓÄ»ΓÄ»ΓÄ»ΓÄ»ΓÄ»ΓÄ»ΓÄ»ΓÄ»ΓÄ»ΓÄ»ΓÄ»ΓÄ»ΓÄ»ΓÄ»ΓÄ»[14/26]ΓÄ»[22m[39m

[41m[1m FAIL [22m[49m tests/integration/planner-canvas-fabric-FloorplanContext.test.tsx[2m > 
[22mFloorplanContext[2m > [22minsertObject, exportDraft, exportSvg, exportPngBlob delegate to the api
[31m[1mReferenceError[22m: React is not defined[39m
[36m [2mΓ¥»[22m setupHook tests/integration/planner-canvas-fabric-FloorplanContext.test.tsx:[2m58:18[22m[39m
    [90m 56|[39m
    [90m 57|[39m [35mfunction[39m [34msetupHook[39m(_initialApi[33m:[39m [33mFloorplanCanvasApi[39m 
[33m|[39m [35mnull[39m [33m=[39m [35mnull[39m) {
    [90m 58|[39m   [35mconst[39m apiRef [33m=[39m 
[33mReact[39m[33m.[39mcreateRef[33m<[39m[33mFloorplanCanvasApi[39m[33m>[39m()[33m;[39m
    [90m   |[39m                  [31m^[39m
    [90m 59|[39m   [35mconst[39m wrapper [33m=[39m ({ children }[33m:[39m { children[33m:[39m 
[33mReactNode[39m }) [33m=>[39m (
    [90m 60|[39m     [33m<[39m[33mFloorplanProvider[39m[33m>[39m[33m{[39mchildren[33m}[39m[33m<[39m[33m/
[39m[33mFloorplanProvider[39m[33m>[39m
[90m [2mΓ¥»[22m tests/integration/planner-canvas-fabric-FloorplanContext.test.tsx:[2m301:24[22m[39m

[31m[2mΓÄ»ΓÄ»ΓÄ»ΓÄ»ΓÄ»ΓÄ»ΓÄ»ΓÄ»ΓÄ»ΓÄ»ΓÄ»ΓÄ»ΓÄ»ΓÄ»ΓÄ»ΓÄ»ΓÄ»ΓÄ»ΓÄ»ΓÄ»ΓÄ»ΓÄ»[15/26]ΓÄ»[22m[39m

[41m[1m FAIL [22m[49m tests/integration/planner-canvas-fabric-FloorplanContext.test.tsx[2m > 
[22mFloorplanContext[2m > [22mimportDraft resets selection/edit state and seeds states
[31m[1mReferenceError[22m: React is not defined[39m
[36m [2mΓ¥»[22m setupHook tests/integration/planner-canvas-fabric-FloorplanContext.test.tsx:[2m58:18[22m[39m
    [90m 56|[39m
    [90m 57|[39m [35mfunction[39m [34msetupHook[39m(_initialApi[33m:[39m [33mFloorplanCanvasApi[39m 
[33m|[39m [35mnull[39m [33m=[39m [35mnull[39m) {
    [90m 58|[39m   [35mconst[39m apiRef [33m=[39m 
[33mReact[39m[33m.[39mcreateRef[33m<[39m[33mFloorplanCanvasApi[39m[33m>[39m()[33m;[39m
    [90m   |[39m                  [31m^[39m
    [90m 59|[39m   [35mconst[39m wrapper [33m=[39m ({ children }[33m:[39m { children[33m:[39m 
[33mReactNode[39m }) [33m=>[39m (
    [90m 60|[39m     [33m<[39m[33mFloorplanProvider[39m[33m>[39m[33m{[39mchildren[33m}[39m[33m<[39m[33m/
[39m[33mFloorplanProvider[39m[33m>[39m
[90m [2mΓ¥»[22m tests/integration/planner-canvas-fabric-FloorplanContext.test.tsx:[2m320:24[22m[39m

[31m[2mΓÄ»ΓÄ»ΓÄ»ΓÄ»ΓÄ»ΓÄ»ΓÄ»ΓÄ»ΓÄ»ΓÄ»ΓÄ»ΓÄ»ΓÄ»ΓÄ»ΓÄ»ΓÄ»ΓÄ»ΓÄ»ΓÄ»ΓÄ»ΓÄ»ΓÄ»[16/26]ΓÄ»[22m[39m

[41m[1m FAIL [22m[49m tests/integration/planner-canvas-fabric-FloorplanContext.test.tsx[2m > 
[22mFloorplanContext[2m > [22mimportDraft is a no-op without a registered api
[31m[1mReferenceError[22m: React is not defined[39m
[36m [2mΓ¥»[22m setupHook tests/integration/planner-canvas-fabric-FloorplanContext.test.tsx:[2m58:18[22m[39m
    [90m 56|[39m
    [90m 57|[39m [35mfunction[39m [34msetupHook[39m(_initialApi[33m:[39m [33mFloorplanCanvasApi[39m 
[33m|[39m [35mnull[39m [33m=[39m [35mnull[39m) {
    [90m 58|[39m   [35mconst[39m apiRef [33m=[39m 
[33mReact[39m[33m.[39mcreateRef[33m<[39m[33mFloorplanCanvasApi[39m[33m>[39m()[33m;[39m
    [90m   |[39m                  [31m^[39m
    [90m 59|[39m   [35mconst[39m wrapper [33m=[39m ({ children }[33m:[39m { children[33m:[39m 
[33mReactNode[39m }) [33m=>[39m (
    [90m 60|[39m     [33m<[39m[33mFloorplanProvider[39m[33m>[39m[33m{[39mchildren[33m}[39m[33m<[39m[33m/
[39m[33mFloorplanProvider[39m[33m>[39m
[90m [2mΓ¥»[22m tests/integration/planner-canvas-fabric-FloorplanContext.test.tsx:[2m342:24[22m[39m

[31m[2mΓÄ»ΓÄ»ΓÄ»ΓÄ»ΓÄ»ΓÄ»ΓÄ»ΓÄ»ΓÄ»ΓÄ»ΓÄ»ΓÄ»ΓÄ»ΓÄ»ΓÄ»ΓÄ»ΓÄ»ΓÄ»ΓÄ»ΓÄ»ΓÄ»ΓÄ»[17/26]ΓÄ»[22m[39m

[41m[1m FAIL [22m[49m tests/integration/planner-canvas-fabric-FloorplanContext.test.tsx[2m > 
[22mFloorplanContext[2m > [22meditRoom/endEditRoom toggle room edit and delegate to api
[31m[1mReferenceError[22m: React is not defined[39m
[36m [2mΓ¥»[22m setupHook tests/integration/planner-canvas-fabric-FloorplanContext.test.tsx:[2m58:18[22m[39m
    [90m 56|[39m
    [90m 57|[39m [35mfunction[39m [34msetupHook[39m(_initialApi[33m:[39m [33mFloorplanCanvasApi[39m 
[33m|[39m [35mnull[39m [33m=[39m [35mnull[39m) {
    [90m 58|[39m   [35mconst[39m apiRef [33m=[39m 
[33mReact[39m[33m.[39mcreateRef[33m<[39m[33mFloorplanCanvasApi[39m[33m>[39m()[33m;[39m
    [90m   |[39m                  [31m^[39m
    [90m 59|[39m   [35mconst[39m wrapper [33m=[39m ({ children }[33m:[39m { children[33m:[39m 
[33mReactNode[39m }) [33m=>[39m (
    [90m 60|[39m     [33m<[39m[33mFloorplanProvider[39m[33m>[39m[33m{[39mchildren[33m}[39m[33m<[39m[33m/
[39m[33mFloorplanProvider[39m[33m>[39m
[90m [2mΓ¥»[22m tests/integration/planner-canvas-fabric-FloorplanContext.test.tsx:[2m351:24[22m[39m

[31m[2mΓÄ»ΓÄ»ΓÄ»ΓÄ»ΓÄ»ΓÄ»ΓÄ»ΓÄ»ΓÄ»ΓÄ»ΓÄ»ΓÄ»ΓÄ»ΓÄ»ΓÄ»ΓÄ»ΓÄ»ΓÄ»ΓÄ»ΓÄ»ΓÄ»ΓÄ»[18/26]ΓÄ»[22m[39m

[41m[1m FAIL [22m[49m tests/integration/planner-canvas-fabric-FloorplanContext.test.tsx[2m > 
[22mFloorplanContext[2m > [22mrefitCanvas asks the api for fit + recalc and updates zoom
[31m[1mReferenceError[22m: React is not defined[39m
[36m [2mΓ¥»[22m setupHook tests/integration/planner-canvas-fabric-FloorplanContext.test.tsx:[2m58:18[22m[39m
    [90m 56|[39m
    [90m 57|[39m [35mfunction[39m [34msetupHook[39m(_initialApi[33m:[39m [33mFloorplanCanvasApi[39m 
[33m|[39m [35mnull[39m [33m=[39m [35mnull[39m) {
    [90m 58|[39m   [35mconst[39m apiRef [33m=[39m 
[33mReact[39m[33m.[39mcreateRef[33m<[39m[33mFloorplanCanvasApi[39m[33m>[39m()[33m;[39m
    [90m   |[39m                  [31m^[39m
    [90m 59|[39m   [35mconst[39m wrapper [33m=[39m ({ children }[33m:[39m { children[33m:[39m 
[33mReactNode[39m }) [33m=>[39m (
    [90m 60|[39m     [33m<[39m[33mFloorplanProvider[39m[33m>[39m[33m{[39mchildren[33m}[39m[33m<[39m[33m/
[39m[33mFloorplanProvider[39m[33m>[39m
[90m [2mΓ¥»[22m tests/integration/planner-canvas-fabric-FloorplanContext.test.tsx:[2m366:24[22m[39m

[31m[2mΓÄ»ΓÄ»ΓÄ»ΓÄ»ΓÄ»ΓÄ»ΓÄ»ΓÄ»ΓÄ»ΓÄ»ΓÄ»ΓÄ»ΓÄ»ΓÄ»ΓÄ»ΓÄ»ΓÄ»ΓÄ»ΓÄ»ΓÄ»ΓÄ»ΓÄ»[19/26]ΓÄ»[22m[39m

[41m[1m FAIL [22m[49m tests/integration/planner-canvas-fabric-FloorplanContext.test.tsx[2m > 
[22mFloorplanContext[2m > [22mrefitCanvas is a no-op without an api
[31m[1mReferenceError[22m: React is not defined[39m
[36m [2mΓ¥»[22m setupHook tests/integration/planner-canvas-fabric-FloorplanContext.test.tsx:[2m58:18[22m[39m
    [90m 56|[39m
    [90m 57|[39m [35mfunction[39m [34msetupHook[39m(_initialApi[33m:[39m [33mFloorplanCanvasApi[39m 
[33m|[39m [35mnull[39m [33m=[39m [35mnull[39m) {
    [90m 58|[39m   [35mconst[39m apiRef [33m=[39m 
[33mReact[39m[33m.[39mcreateRef[33m<[39m[33mFloorplanCanvasApi[39m[33m>[39m()[33m;[39m
    [90m   |[39m                  [31m^[39m
    [90m 59|[39m   [35mconst[39m wrapper [33m=[39m ({ children }[33m:[39m { children[33m:[39m 
[33mReactNode[39m }) [33m=>[39m (
    [90m 60|[39m     [33m<[39m[33mFloorplanProvider[39m[33m>[39m[33m{[39mchildren[33m}[39m[33m<[39m[33m/
[39m[33mFloorplanProvider[39m[33m>[39m
[90m [2mΓ¥»[22m tests/integration/planner-canvas-fabric-FloorplanContext.test.tsx:[2m375:24[22m[39m

[31m[2mΓÄ»ΓÄ»ΓÄ»ΓÄ»ΓÄ»ΓÄ»ΓÄ»ΓÄ»ΓÄ»ΓÄ»ΓÄ»ΓÄ»ΓÄ»ΓÄ»ΓÄ»ΓÄ»ΓÄ»ΓÄ»ΓÄ»ΓÄ»ΓÄ»ΓÄ»[20/26]ΓÄ»[22m[39m

[41m[1m FAIL [22m[49m tests/integration/planner-canvas-fabric-FloorplanContext.test.tsx[2m > 
[22mFloorplanContext[2m > [22msetLayerVisibility delegates to the api
[31m[1mReferenceError[22m: React is not defined[39m
[36m [2mΓ¥»[22m setupHook tests/integration/planner-canvas-fabric-FloorplanContext.test.tsx:[2m58:18[22m[39m
    [90m 56|[39m
    [90m 57|[39m [35mfunction[39m [34msetupHook[39m(_initialApi[33m:[39m [33mFloorplanCanvasApi[39m 
[33m|[39m [35mnull[39m [33m=[39m [35mnull[39m) {
    [90m 58|[39m   [35mconst[39m apiRef [33m=[39m 
[33mReact[39m[33m.[39mcreateRef[33m<[39m[33mFloorplanCanvasApi[39m[33m>[39m()[33m;[39m
    [90m   |[39m                  [31m^[39m
    [90m 59|[39m   [35mconst[39m wrapper [33m=[39m ({ children }[33m:[39m { children[33m:[39m 
[33mReactNode[39m }) [33m=>[39m (
    [90m 60|[39m     [33m<[39m[33mFloorplanProvider[39m[33m>[39m[33m{[39mchildren[33m}[39m[33m<[39m[33m/
[39m[33mFloorplanProvider[39m[33m>[39m
[90m [2mΓ¥»[22m tests/integration/planner-canvas-fabric-FloorplanContext.test.tsx:[2m381:24[22m[39m

[31m[2mΓÄ»ΓÄ»ΓÄ»ΓÄ»ΓÄ»ΓÄ»ΓÄ»ΓÄ»ΓÄ»ΓÄ»ΓÄ»ΓÄ»ΓÄ»ΓÄ»ΓÄ»ΓÄ»ΓÄ»ΓÄ»ΓÄ»ΓÄ»ΓÄ»ΓÄ»[21/26]ΓÄ»[22m[39m

[41m[1m FAIL [22m[49m tests/integration/planner-canvas-fabric-FloorplanContext.test.tsx[2m > 
[22mFloorplanContext[2m > [22mclone/copy/paste/deleteSelection delegate via performOperation
[31m[1mReferenceError[22m: React is not defined[39m
[36m [2mΓ¥»[22m setupHook tests/integration/planner-canvas-fabric-FloorplanContext.test.tsx:[2m58:18[22m[39m
    [90m 56|[39m
    [90m 57|[39m [35mfunction[39m [34msetupHook[39m(_initialApi[33m:[39m [33mFloorplanCanvasApi[39m 
[33m|[39m [35mnull[39m [33m=[39m [35mnull[39m) {
    [90m 58|[39m   [35mconst[39m apiRef [33m=[39m 
[33mReact[39m[33m.[39mcreateRef[33m<[39m[33mFloorplanCanvasApi[39m[33m>[39m()[33m;[39m
    [90m   |[39m                  [31m^[39m
    [90m 59|[39m   [35mconst[39m wrapper [33m=[39m ({ children }[33m:[39m { children[33m:[39m 
[33mReactNode[39m }) [33m=>[39m (
    [90m 60|[39m     [33m<[39m[33mFloorplanProvider[39m[33m>[39m[33m{[39mchildren[33m}[39m[33m<[39m[33m/
[39m[33mFloorplanProvider[39m[33m>[39m
[90m [2mΓ¥»[22m tests/integration/planner-canvas-fabric-FloorplanContext.test.tsx:[2m392:24[22m[39m

[31m[2mΓÄ»ΓÄ»ΓÄ»ΓÄ»ΓÄ»ΓÄ»ΓÄ»ΓÄ»ΓÄ»ΓÄ»ΓÄ»ΓÄ»ΓÄ»ΓÄ»ΓÄ»ΓÄ»ΓÄ»ΓÄ»ΓÄ»ΓÄ»ΓÄ»ΓÄ»[22/26]ΓÄ»[22m[39m

[41m[1m FAIL [22m[49m tests/integration/planner-canvas-fabric-FloorplanContext.test.tsx[2m > 
[22mFloorplanContext[2m > [22mrotate/group/ungroup/placeInCenter/arrange delegate via performOperation
[31m[1mReferenceError[22m: React is not defined[39m
[36m [2mΓ¥»[22m setupHook tests/integration/planner-canvas-fabric-FloorplanContext.test.tsx:[2m58:18[22m[39m
    [90m 56|[39m
    [90m 57|[39m [35mfunction[39m [34msetupHook[39m(_initialApi[33m:[39m [33mFloorplanCanvasApi[39m 
[33m|[39m [35mnull[39m [33m=[39m [35mnull[39m) {
    [90m 58|[39m   [35mconst[39m apiRef [33m=[39m 
[33mReact[39m[33m.[39mcreateRef[33m<[39m[33mFloorplanCanvasApi[39m[33m>[39m()[33m;[39m
    [90m   |[39m                  [31m^[39m
    [90m 59|[39m   [35mconst[39m wrapper [33m=[39m ({ children }[33m:[39m { children[33m:[39m 
[33mReactNode[39m }) [33m=>[39m (
    [90m 60|[39m     [33m<[39m[33mFloorplanProvider[39m[33m>[39m[33m{[39mchildren[33m}[39m[33m<[39m[33m/
[39m[33mFloorplanProvider[39m[33m>[39m
[90m [2mΓ¥»[22m tests/integration/planner-canvas-fabric-FloorplanContext.test.tsx:[2m411:24[22m[39m

[31m[2mΓÄ»ΓÄ»ΓÄ»ΓÄ»ΓÄ»ΓÄ»ΓÄ»ΓÄ»ΓÄ»ΓÄ»ΓÄ»ΓÄ»ΓÄ»ΓÄ»ΓÄ»ΓÄ»ΓÄ»ΓÄ»ΓÄ»ΓÄ»ΓÄ»ΓÄ»[23/26]ΓÄ»[22m[39m

[41m[1m FAIL [22m[49m tests/integration/planner-canvas-fabric-FloorplanContext.test.tsx[2m > 
[22mFloorplanContext[2m > [22mcloseContextMenu clears the context menu
[31m[1mReferenceError[22m: React is not defined[39m
[36m [2mΓ¥»[22m setupHook tests/integration/planner-canvas-fabric-FloorplanContext.test.tsx:[2m58:18[22m[39m
    [90m 56|[39m
    [90m 57|[39m [35mfunction[39m [34msetupHook[39m(_initialApi[33m:[39m [33mFloorplanCanvasApi[39m 
[33m|[39m [35mnull[39m [33m=[39m [35mnull[39m) {
    [90m 58|[39m   [35mconst[39m apiRef [33m=[39m 
[33mReact[39m[33m.[39mcreateRef[33m<[39m[33mFloorplanCanvasApi[39m[33m>[39m()[33m;[39m
    [90m   |[39m                  [31m^[39m
    [90m 59|[39m   [35mconst[39m wrapper [33m=[39m ({ children }[33m:[39m { children[33m:[39m 
[33mReactNode[39m }) [33m=>[39m (
    [90m 60|[39m     [33m<[39m[33mFloorplanProvider[39m[33m>[39m[33m{[39mchildren[33m}[39m[33m<[39m[33m/
[39m[33mFloorplanProvider[39m[33m>[39m
[90m [2mΓ¥»[22m tests/integration/planner-canvas-fabric-FloorplanContext.test.tsx:[2m429:24[22m[39m

[31m[2mΓÄ»ΓÄ»ΓÄ»ΓÄ»ΓÄ»ΓÄ»ΓÄ»ΓÄ»ΓÄ»ΓÄ»ΓÄ»ΓÄ»ΓÄ»ΓÄ»ΓÄ»ΓÄ»ΓÄ»ΓÄ»ΓÄ»ΓÄ»ΓÄ»ΓÄ»[24/26]ΓÄ»[22m[39m

[41m[1m FAIL [22m[49m tests/integration/planner-canvas-fabric-FloorplanContext.test.tsx[2m > 
[22mFloorplanContext[2m > [22mclone copies and schedules a paste
[31m[1mReferenceError[22m: React is not defined[39m
[36m [2mΓ¥»[22m setupHook tests/integration/planner-canvas-fabric-FloorplanContext.test.tsx:[2m58:18[22m[39m
    [90m 56|[39m
    [90m 57|[39m [35mfunction[39m [34msetupHook[39m(_initialApi[33m:[39m [33mFloorplanCanvasApi[39m 
[33m|[39m [35mnull[39m [33m=[39m [35mnull[39m) {
    [90m 58|[39m   [35mconst[39m apiRef [33m=[39m 
[33mReact[39m[33m.[39mcreateRef[33m<[39m[33mFloorplanCanvasApi[39m[33m>[39m()[33m;[39m
    [90m   |[39m                  [31m^[39m
    [90m 59|[39m   [35mconst[39m wrapper [33m=[39m ({ children }[33m:[39m { children[33m:[39m 
[33mReactNode[39m }) [33m=>[39m (
    [90m 60|[39m     [33m<[39m[33mFloorplanProvider[39m[33m>[39m[33m{[39mchildren[33m}[39m[33m<[39m[33m/
[39m[33mFloorplanProvider[39m[33m>[39m
[90m [2mΓ¥»[22m tests/integration/planner-canvas-fabric-FloorplanContext.test.tsx:[2m444:24[22m[39m

[31m[2mΓÄ»ΓÄ»ΓÄ»ΓÄ»ΓÄ»ΓÄ»ΓÄ»ΓÄ»ΓÄ»ΓÄ»ΓÄ»ΓÄ»ΓÄ»ΓÄ»ΓÄ»ΓÄ»ΓÄ»ΓÄ»ΓÄ»ΓÄ»ΓÄ»ΓÄ»[25/26]ΓÄ»[22m[39m

[41m[1m FAIL [22m[49m tests/integration/planner-editor-PlannerLeftPanel.test.tsx[2m > [22mPlannerLeftPanel[2m > 
[22mswitches tabs across the guided planner views
[31m[1mTestingLibraryElementError[22m[39m: Unable to find an element with the text: /Browse Oando SVG symbols/i. 
This could be because the text is broken up by multiple elements. In this case, you can provide a function for your 
text matcher to make your matcher more flexible.

Ignored nodes: comments, script, style
[36m<body>[39m
  [36m<div>[39m
    [36m<aside[39m
      [33maria-label[39m=[32m"Planner Sidebar"[39m
      [33mclass[39m=[32m"pw-left-panel"[39m
      [33mdata-coach[39m=[32m"catalog"[39m
      [33mdata-emphasis[39m=[32m"muted"[39m
      [33mdata-open[39m=[32m"true"[39m
      [33mdata-step[39m=[32m"draw"[39m
    [36m>[39m
      [36m<div[39m
        [33maria-label[39m=[32m"Left panel"[39m
        [33mclass[39m=[32m"pw-panel-tabs"[39m
        [33mrole[39m=[32m"tablist"[39m
      [36m>[39m
        [36m<button[39m
          [33maria-label[39m=[32m"Blueprint"[39m
          [33maria-selected[39m=[32m"true"[39m
          [33mclass[39m=[32m"pw-panel-tab pwx-panel-tab"[39m
          [33mdata-active[39m=[32m"true"[39m
          [33mdata-relevant[39m=[32m"true"[39m
          [33mrole[39m=[32m"tab"[39m
          [33mtype[39m=[32m"button"[39m
        [36m>[39m
          [36m<svg[39m
            [33maria-hidden[39m=[32m"true"[39m
            [33mclass[39m=[32m"lucide lucide-map"[39m
            [33mfill[39m=[32m"none"[39m
            [33mheight[39m=[32m"14"[39m
            [33mstroke[39m=[32m"currentColor"[39m
            [33mstroke-linecap[39m=[32m"round"[39m
            [33mstroke-linejoin[39m=[32m"round"[39m
            [33mstroke-width[39m=[32m"2"[39m
            [33mviewBox[39m=[32m"0 0 24 24"[39m
            [33mwidth[39m=[32m"14"[39m
            [33mxmlns[39m=[32m"http://www.w3.org/2000/svg"[39m
          [36m>[39m
            [36m<path[39m
              [33md[39m=[32m"M14.106 5.553a2 2 0 0 0 1.788 0l3.659-1.83A1 1 0 0 1 21 4.619v12.764a1 1 0 0 
1-.553.894l-4.553 2.277a2 2 0 0 1-1.788 0l-4.212-2.106a2 2 0 0 0-1.788 0l-3.659 1.83A1 1 0 0 1 3 19.381V6.618a1 1 0 0 
1 .553-.894l4.553-2.277a2 2 0 0 1 1.788 0z"[39m
            [36m/>[39m
            [36m<path[39m
              [33md[39m=[32m"M15 5.764v15"[39m
            [36m/>[39m
            [36m<path[39m
              [33md[39m=[32m"M9 3.236v15"[39m
            [36m/>[39m
          [36m</svg>[39m
          [36m<span>[39m
            [0mBlueprint[0m
          [36m</span>[39m
        [36m</button>[39m
        [36m<button[39m
          [33maria-label[39m=[32m"Library"[39m
          [33maria-selected[39m=[32m"false"[39m
          [33mclass[39m=[32m"pw-panel-tab pwx-panel-tab"[39m
          [33mdata-active[39m=[32m"false"[39m
          [33mdata-relevant[39m=[32m"false"[39m
          [33mrole[39m=[32m"tab"[39m
          [33mtype[39m=[32m"button"[39m
        [36m>[39m
          [36m<svg[39m
            [33maria-hidden[39m=[32m"true"[39m
            [33mclass[39m=[32m"lucide lucide-layout-grid"[39m
            [33mfill[39m=[32m"none"[39m
            [33mheight[39m=[32m"14"[39m
            [33mstroke[39m=[32m"currentColor"[39m
            [33mstroke-linecap[39m=[32m"round"[39m
            [33mstroke-linejoin[39m=[32m"round"[39m
            [33mstroke-width[39m=[32m"2"[39m
            [33mviewBox[39m=[32m"0 0 24 24"[39m
            [33mwidth[39m=[32m"14"[39m
            [33mxmlns[39m=[32m"http://www.w3.org/2000/svg"[39m
          [36m>[39m
            [36m<rect[39m
              [33mheight[39m=[32m"7"[39m
              [33mrx[39m=[32m"1"[39m
              [33mwidth[39m=[32m"7"[39m
              [33mx[39m=[32m"3"[39m
              [33my[39m=[32m"3"[39m
            [36m/>[39m
            [36m<rect[39m
              [33mheight[39m=[32m"7"[39m
              [33mrx[39m=[32m"1"[39m
              [33mwidth[39m=[32m"7"[39m
              [33mx[39m=[32m"14"[39m
              [33my[39m=[32m"3"[39m
            [36m/>[39m
            [36m<rect[39m
              [33mheight[39m=[32m"7"[39m
              [33mrx[39m=[32m"1"[39m
              [33mwidth[39m=[32m"7"[39m
              [33mx[39m=[32m"14"[39m
              [33my[39m=[32m"14"[39m
            [36m/>[39m
            [36m<rect[39m
              [33mheight[39m=[32m"7"[39m
              [33mrx[39m=[32m"1"[39m
              [33mwidth[39m=[32m"7"[39m
              [33mx[39m=[32m"3"[39m
              [33my[39m=[32m"14"[39m
            [36m/>[39m
          [36m</svg>[39m
          [36m<span>[39m
            [0mLibrary[0m
          [36m</span>[39m
        [36m</button>[39m
        [36m<button[39m
          [33maria-label[39m=[32m"AI Assist"[39m
          [33maria-selected[39m=[32m"false"[39m
          [33mclass[39m=[32m"pw-panel-tab pwx-panel-tab"[39m
          [33mdata-active[39m=[32m"false"[39m
          [33mdata-relevant[39m=[32m"false"[39m
          [33mrole[39m=[32m"tab"[39m
          [33mtype[39m=[32m"button"[39m
        [36m>[39m
          [36m<svg[39m
            [33maria-hidden[39m=[32m"true"[39m
            [33mclass[39m=[32m"lucide lucide-sparkles"[39m
            [33mfill[39m=[32m"none"[39m
            [33mheight[39m=[32m"14"[39m
            [33mstroke[39m=[32m"currentColor"[39m
            [33mstroke-linecap[39m=[32m"round"[39m
            [33mstroke-linejoin[39m=[32m"round"[39m
            [33mstroke-width[39m=[32m"2"[39m
            [33mviewBox[39m=[32m"0 0 24 24"[39m
            [33mwidth[39m=[32m"14"[39m
            [33mxmlns[39m=[32m"http://www.w3.org/2000/svg"[39m
          [36m>[39m
            [36m<path[39m
              [33md[39m=[32m"M11.017 2.814a1 1 0 0 1 1.966 0l1.051 5.558a2 2 0 0 0 1.594 1.594l5.558 1.051a1 1 0 0 
1 0 1.966l-5.558 1.051a2 2 0 0 0-1.594 1.594l-1.051 5.558a1 1 0 0 1-1.966 0l-1.051-5.558a2 2 0 0 
0-1.594-1.594l-5.558-1.051a1 1 0 0 1 0-1.966l5.558-1.051a2 2 0 0 0 1.594-1.594z"[39m
            [36m/>[39m
            [36m<path[39m
              [33md[39m=[32m"M20 2v4"[39m
            [36m/>[39m
            [36m<path[39m
              [33md[39m=[32m"M22 4h-4"[39m
            [36m/>[39m
            [36m<circle[39m
              [33mcx[39m=[32m"4"[39m
              [33mcy[39m=[32m"20"[39m
              [33mr[39m=[32m"2"[39m
            [36m/>[39m
          [36m</svg>[39m
          [36m<span>[39m
            [0mAI Assist[0m
          [36m</span>[39m
        [36m</button>[39m
      [36m</div>[39m
      [36m<div[39m
        [33mclass[39m=[32m"pw-panel-body"[39m
        [33mdata-active-tab[39m=[32m"blueprint"[39m
      [36m>[39m
        [36m<p[39m
          [33mclass[39m=[32m"pw-panel-step-note"[39m
        [36m>[39m
          [0mStart by tracing a blueprint or pick a room preset when the canvas opens.[0m
        [36m</p>[39m
        [36m<div>[39m
          [0mBlueprint panel[0m
        [36m</div>[39m
      [36m</div>[39m
    [36m</aside>[39m
  [36m</div>[39m
[36m</body>[39m
[90m [2mΓ¥»[22m Object.getElementError node_modules/@testing-library/dom/dist/config.js:[2m37:19[22m[39m
[90m [2mΓ¥»[22m node_modules/@testing-library/dom/dist/query-helpers.js:[2m76:38[22m[39m
[90m [2mΓ¥»[22m node_modules/@testing-library/dom/dist/query-helpers.js:[2m52:17[22m[39m
[90m [2mΓ¥»[22m node_modules/@testing-library/dom/dist/query-helpers.js:[2m95:19[22m[39m
[36m [2mΓ¥»[22m tests/integration/planner-editor-PlannerLeftPanel.test.tsx:[2m30:19[22m[39m
    [90m 28|[39m
    [90m 29|[39m     [90m// Default tab for "draw" step is "library"[39m
    [90m 30|[39m     expect(screen.getByText(/Browse Oando SVG symbols/i)).toBeInTheDocΓÇª
    [90m   |[39m                   [31m^[39m
    [90m 31|[39m     [90m// Switch to Blueprint tab[39m
    [90m 32|[39m     
fireEvent[33m.[39m[34mclick[39m(screen[33m.[39m[34mgetByRole[39m([32m"tab"[39m[33m,[39m { name[33m:[39m 
[36m/Blueprint/i[39m }))[33m;[39m

[31m[2mΓÄ»ΓÄ»ΓÄ»ΓÄ»ΓÄ»ΓÄ»ΓÄ»ΓÄ»ΓÄ»ΓÄ»ΓÄ»ΓÄ»ΓÄ»ΓÄ»ΓÄ»ΓÄ»ΓÄ»ΓÄ»ΓÄ»ΓÄ»ΓÄ»ΓÄ»[26/26]ΓÄ»[22m[39m

[31mΓÄ»ΓÄ»ΓÄ»ΓÄ»ΓÄ»ΓÄ»[39m[1m[41m Unhandled Errors [49m[22m[31mΓÄ»ΓÄ»ΓÄ»ΓÄ»ΓÄ»ΓÄ»[39m
[31m[1m
Vitest caught 1 unhandled error during the test run.
This might cause false positive tests. Resolve unhandled errors to make sure your tests are not affected.[22m[39m

[31mΓÄ»ΓÄ»ΓÄ»ΓÄ»ΓÄ»ΓÄ»[39m[1m[41m Unhandled Error [49m[22m[31mΓÄ»ΓÄ»ΓÄ»ΓÄ»ΓÄ»ΓÄ»ΓÄ»[39m
[31m[1mError[22m: [vitest-pool]: Worker forks emitted error.[39m
[90m [2mΓ¥»[22m EventEmitter.onTaskError node_modules/vitest/dist/chunks/cli-api.24X8XwN1.js:[2m3459:21[22m[39m
[90m [2mΓ¥»[22m EventEmitter.emit node:events:[2m509:28[22m[39m
[90m [2mΓ¥»[22m ChildProcess.emitUnexpectedExit 
node_modules/vitest/dist/chunks/cli-api.24X8XwN1.js:[2m3025:22[22m[39m
[90m [2mΓ¥»[22m ChildProcess.emit node:events:[2m509:28[22m[39m
[90m [2mΓ¥»[22m Process.ChildProcess._handle.onexit node:internal/child_process:[2m295:12[22m[39m

[31m[1mCaused by: Error[22m: Worker exited unexpectedly[39m
[90m [2mΓ¥»[22m ChildProcess.emitUnexpectedExit 
node_modules/vitest/dist/chunks/cli-api.24X8XwN1.js:[2m3023:33[22m[39m
[90m [2mΓ¥»[22m ChildProcess.emit node:events:[2m509:28[22m[39m
[90m [2mΓ¥»[22m Process.ChildProcess._handle.onexit node:internal/child_process:[2m295:12[22m[39m

[31mΓÄ»ΓÄ»ΓÄ»ΓÄ»ΓÄ»ΓÄ»ΓÄ»ΓÄ»ΓÄ»ΓÄ»ΓÄ»ΓÄ»ΓÄ»ΓÄ»ΓÄ»ΓÄ»ΓÄ»ΓÄ»ΓÄ»ΓÄ»ΓÄ»ΓÄ»ΓÄ»ΓÄ»ΓÄ»ΓÄ»ΓÄ»ΓÄ»ΓÄ»ΓÄ»[39m


[2m Test Files [22m [1m[31m2 failed[39m[22m[2m | [22m[1m[32m214 passed[39m[22m[90m (217)[39m
[2m      Tests [22m [1m[31m26 failed[39m[22m[2m | [22m[1m[32m1460 passed[39m[22m[90m (1489)[39m
[2m     Errors [22m [1m[31m1 error[39m[22m
[2m   Start at [22m 11:36:41
[2m   Duration [22m 98.61s[2m (transform 17.10s, setup 82.47s, import 66.60s, tests 26.45s, environment 186.02s)[22m

