features/planner/canvas-fabric/hooks/floorplanCanvas.ts(93,87): error TS2339: Property 'name' does not exist on type 'Line<any, any, any>'.
features/planner/canvas-fabric/hooks/floorplanCanvas.ts(175,21): error TS7006: Parameter 'event' implicitly has an 'any' type.
features/planner/canvas-fabric/hooks/floorplanCanvas.ts(184,18): error TS18048: 'obj' is possibly 'undefined'.
features/planner/canvas-fabric/hooks/floorplanCanvas.ts(184,22): error TS2339: Property 'name' does not exist on type 'FabricObject<Partial<FabricObjectProps>, SerializedObjectProps, ObjectEvents>'.
features/planner/canvas-fabric/hooks/floorplanCanvas.ts(184,29): error TS18048: 'obj' is possibly 'undefined'.
features/planner/canvas-fabric/hooks/floorplanCanvas.ts(184,33): error TS2339: Property 'name' does not exist on type 'FabricObject<Partial<FabricObjectProps>, SerializedObjectProps, ObjectEvents>'.
features/planner/canvas-fabric/hooks/floorplanCanvas.ts(210,19): error TS2339: Property 'name' does not exist on type 'FabricObject<Partial<FabricObjectProps>, SerializedObjectProps, ObjectEvents>'.
features/planner/canvas-fabric/hooks/floorplanCanvas.ts(211,16): error TS2339: Property 'name' does not exist on type 'FabricObject<Partial<FabricObjectProps>, SerializedObjectProps, ObjectEvents>'.
features/planner/canvas-fabric/hooks/floorplanCanvas.ts(281,13): error TS2345: Argument of type '"object:moved"' is not assignable to parameter of type 'keyof CanvasEvents'.
features/planner/canvas-fabric/hooks/floorplanCanvas.ts(286,13): error TS2345: Argument of type '"object:rotated"' is not assignable to parameter of type 'keyof CanvasEvents'.
features/planner/canvas-fabric/hooks/floorplanCanvas.ts(287,13): error TS2345: Argument of type '"object:scaled"' is not assignable to parameter of type 'keyof CanvasEvents'.
features/planner/canvas-fabric/hooks/floorplanCanvas.ts(329,24): error TS7006: Parameter 'v' implicitly has an 'any' type.
features/planner/canvas-fabric/hooks/floorplanCanvas.ts(329,27): error TS7006: Parameter 'w' implicitly has an 'any' type.
features/planner/canvas-fabric/hooks/floorplanCanvas.ts(330,32): error TS7006: Parameter 'p' implicitly has an 'any' type.
features/planner/canvas-fabric/hooks/floorplanCanvas.ts(330,35): error TS7006: Parameter 'v' implicitly has an 'any' type.
features/planner/canvas-fabric/hooks/floorplanCanvas.ts(330,38): error TS7006: Parameter 'w' implicitly has an 'any' type.
features/planner/canvas-fabric/hooks/floorplanCanvas.ts(331,39): error TS7006: Parameter 'p' implicitly has an 'any' type.
features/planner/canvas-fabric/hooks/floorplanCanvas.ts(331,42): error TS7006: Parameter 'v' implicitly has an 'any' type.
features/planner/canvas-fabric/hooks/floorplanCanvas.ts(331,45): error TS7006: Parameter 'w' implicitly has an 'any' type.
features/planner/canvas-fabric/hooks/floorplanCanvas.ts(359,49): error TS2345: Argument of type 'undefined' is not assignable to parameter of type 'Line<Partial<FabricObjectProps>, SerializedLineProps, ObjectEvents>'.
features/planner/canvas-fabric/hooks/floorplanCanvas.ts(362,27): error TS2345: Argument of type 'undefined' is not assignable to parameter of type 'Line<Partial<FabricObjectProps>, SerializedLineProps, ObjectEvents>'.
features/planner/canvas-fabric/hooks/floorplanCanvas.ts(364,27): error TS2345: Argument of type 'undefined' is not assignable to parameter of type 'Line<Partial<FabricObjectProps>, SerializedLineProps, ObjectEvents>'.
features/planner/canvas-fabric/hooks/floorplanCanvas.ts(451,42): error TS7031: Binding element 'type' implicitly has an 'any' type.
features/planner/canvas-fabric/hooks/floorplanCanvas.ts(451,48): error TS7031: Binding element 'object' implicitly has an 'any' type.
features/planner/canvas-fabric/hooks/floorplanCanvas.ts(465,47): error TS2345: Argument of type '(FabricObject<Partial<FabricObjectProps>, SerializedObjectProps, ObjectEvents> | null)[]' is not assignable to parameter of type 'FabricObject<Partial<FabricObjectProps>, SerializedObjectProps, ObjectEvents>[]'.
  Type 'FabricObject<Partial<FabricObjectProps>, SerializedObjectProps, ObjectEvents> | null' is not assignable to type 'FabricObject<Partial<FabricObjectProps>, SerializedObjectProps, ObjectEvents>'.
    Type 'null' is not assignable to type 'FabricObject<Partial<FabricObjectProps>, SerializedObjectProps, ObjectEvents>'.
features/planner/canvas-fabric/hooks/floorplanCanvas.ts(513,32): error TS18048: 'wall' is possibly 'undefined'.
features/planner/canvas-fabric/hooks/floorplanCanvas.ts(513,37): error TS2339: Property 'name' does not exist on type 'Line<Partial<FabricObjectProps>, SerializedLineProps, ObjectEvents>'.
features/planner/canvas-fabric/hooks/floorplanCanvas.ts(524,23): error TS2345: Argument of type 'Line<Partial<FabricObjectProps>, SerializedLineProps, ObjectEvents> | undefined' is not assignable to parameter of type 'Line<Partial<FabricObjectProps>, SerializedLineProps, ObjectEvents>'.
  Type 'undefined' is not assignable to type 'Line<Partial<FabricObjectProps>, SerializedLineProps, ObjectEvents>'.
features/planner/canvas-fabric/hooks/floorplanCanvas.ts(579,53): error TS2339: Property 'name' does not exist on type 'FabricObject<Partial<FabricObjectProps>, SerializedObjectProps, ObjectEvents>'.
features/planner/canvas-fabric/hooks/floorplanCanvas.ts(740,29): error TS7006: Parameter 'obj' implicitly has an 'any' type.
features/planner/canvas-fabric/hooks/floorplanCanvas.ts(836,17): error TS7006: Parameter 'direction' implicitly has an 'any' type.
features/planner/canvas-fabric/hooks/floorplanCanvas.ts(913,63): error TS2339: Property 'id' does not exist on type 'FabricObject<Partial<FabricObjectProps>, SerializedObjectProps, ObjectEvents>'.
features/planner/canvas-fabric/hooks/floorplanCanvas.ts(913,73): error TS2339: Property 'name' does not exist on type 'FabricObject<Partial<FabricObjectProps>, SerializedObjectProps, ObjectEvents>'.
features/planner/canvas-fabric/hooks/floorplanCanvas.ts(948,26): error TS7006: Parameter 'direction' implicitly has an 'any' type.
features/planner/canvas-fabric/hooks/floorplanCanvas.ts(973,17): error TS7053: Element implicitly has an 'any' type because expression of type 'string' can't be used to index type '{ left: number; top: number; right: number; bottom: number; center: number; middle: number; }'.
  No index signature with a parameter of type 'string' was found on type '{ left: number; top: number; right: number; bottom: number; center: number; middle: number; }'.
features/planner/canvas-fabric/hooks/floorplanCanvas.ts(982,31): error TS2339: Property 'name' does not exist on type 'FabricObject<Partial<FabricObjectProps>, SerializedObjectProps, ObjectEvents>'.
features/planner/canvas-fabric/hooks/floorplanCanvas.ts(987,17): error TS7006: Parameter 'object' implicitly has an 'any' type.
features/planner/canvas-fabric/hooks/floorplanCanvas.ts(1094,5): error TS2322: Type 'string' is not assignable to type '"#111111"'.
features/planner/canvas-fabric/hooks/floorplanCanvas.ts(1100,5): error TS2722: Cannot invoke an object which is possibly 'undefined'.
features/planner/canvas-fabric/lib/helpers.ts(37,21): error TS7006: Parameter 'properties' implicitly has an 'any' type.
features/planner/canvas-fabric/lib/helpers.ts(99,40): error TS7006: Parameter 'object' implicitly has an 'any' type.
features/planner/canvas-fabric/lib/helpers.ts(130,5): error TS2353: Object literal may only specify known properties, and 'name' does not exist in type 'Partial<GroupProps>'.
features/planner/canvas-fabric/lib/helpers.ts(140,34): error TS7006: Parameter 'obj' implicitly has an 'any' type.
features/planner/canvas-fabric/lib/helpers.ts(142,5): error TS2353: Object literal may only specify known properties, and 'name' does not exist in type 'Partial<GroupProps>'.
features/planner/canvas-fabric/lib/helpers.ts(189,24): error TS2339: Property 'rotatePoint' does not exist on type 'typeof import("E:/16062026/node_modules/fabric/dist/src/util/index")'.
features/planner/canvas-fabric/lib/helpers.ts(207,36): error TS2345: Argument of type '{ left: number; top: number; radius: number; fill: string; stroke: string; originX: string; originY: string; name: string; }' is not assignable to parameter of type 'TOptions<CircleProps>'.
  Type '{ left: number; top: number; radius: number; fill: string; stroke: string; originX: string; originY: string; name: string; }' is not assignable to type 'Partial<CircleProps>'.
    Types of property 'originX' are incompatible.
      Type 'string' is not assignable to type 'TOriginX | undefined'.
features/planner/canvas-fabric/lib/helpers.ts(297,5): error TS2353: Object literal may only specify known properties, and 'name' does not exist in type 'Partial<GroupProps>'.
platform/supabase/functions/assistant-chat/index.ts(2,23): error TS2307: Cannot find module 'https://deno.land/std@0.208.0/http/server.ts' or its corresponding type declarations.
platform/supabase/functions/assistant-chat/index.ts(3,30): error TS2307: Cannot find module 'https://esm.sh/@supabase/supabase-js@2.39.7' or its corresponding type declarations.
platform/supabase/functions/assistant-chat/index.ts(5,22): error TS2304: Cannot find name 'Deno'.
platform/supabase/functions/assistant-chat/index.ts(6,22): error TS2304: Cannot find name 'Deno'.
platform/supabase/functions/assistant-chat/index.ts(7,18): error TS2304: Cannot find name 'Deno'.
platform/supabase/functions/assistant-chat/index.ts(8,24): error TS2304: Cannot find name 'Deno'.
platform/supabase/functions/assistant-chat/index.ts(9,22): error TS2304: Cannot find name 'Deno'.
platform/supabase/functions/assistant-chat/index.ts(73,14): error TS7006: Parameter 'req' implicitly has an 'any' type.
